
 BerkeleyGW version 4.0
 BSE/Absorption code, Complex version, run on 03-Jul-2026 at 22:19:29 -0700

                                                                 ..o.          
                                                                .oxxo.         
                                                               .oxxxxo...      
                                                               oxxxxxxo.       
                                                              .oxxxxxxx.       
                                                              .ooooooxxo..     
                                                              .oooooooxo..     
                                                              .oooooxxo...     
                                                       .........oxooo......    
                                                 ............................  
                                             ................................. 
                                          .................................... 
           .          ..oo. ....  .................................oooxxxxxxxo.
     .............oxxxx@ox@@@x@x.....................o...........ooooooooooxx. 
    .o.........oox@x.oo........xxx@@............ooxxxxo..........ooooxxxxxoxo  
    .x........x@xxo...............o@xxo........oxxx@@@xoooooooooooooooxxxo...  
    .o......ox@@o..................oox@o.....ooxxx@xoooxxxxxxxoooooooooooo.... 
    o..ooooo@@xoooo....ooo...........x@o.....ooxxxxo   .oxxxxxxxxxxooooooo.... 
    . .oooo@@@@@@@@@@@@@@@@@@@@@@@@@@@@@@....ooooox.     .oxx@@@@@xxoo........ 
      .ooooxxxxxxxooooooxooooooooooooooxo...oooooxx.        ..ox@xxxoo.........
      .ooooooxxxx@xoooooooooooooxxoooooooooooxxxxx.            .oxxooooooooxxo.
     .oooooxxxxx@@@xxxxxxxxxxxxxxxxxxxxxxxxoxxxxo.                .oxxxxxxxxo. 
   ....oooxxxxx@@@xo..oxxx@@@@@@xxxxoxxoooooooxx.                  .oxxxoo..   
  .....ooxxxx@@xo.       ........    .ooooooooxxo                              
  ..oooxxxx@@@o                       .oooooooxoo.                             
  ....oxooxxxxx.                       .ooo..oooo.                             
  .....o.ooxxxxxo.                     .oooooooxo.                             
 ......ooooxxxxxxo.                     .ooooooxoo..                           
........ooxxxxxxxo..                     .o....oxoo...                         
.......ooooxxxxxxxo.                     ........oooo.                         
.ooooooo..ooxxxxoooo.                    .........ooo...                       
..oxo...ooooxxxoooo..                    .ooo......oooo...                     
  .ooooo....o.                            .oxxxoo....ooo....                   
    .oooooo...                              ...ooooo...ooo..                   
       ...                                     .oo.......                      
                                               ....ooo...                      
                      __              __                                       
 ______              [  |            [  |                 ._____  _          _ 
|_   _ \              | |  _          | |                /  ___ \| |        | |
  | |_) | .---.  _. _.| | / |  .---.  | | .---.  _    _ / /    \_|\ \  /\  / / 
  |  __'./ /__\\[ /`\_| '' <  / /__\\ | |/ /__\\| \  | | |   _____ \ \/  \/ /  
 _| |__| | \__. | |   | |`\ \ | \___. | || \___. \ \/ / \ \.___| |  \  /\  /   
|_______/ \.__./[_]  [__|  \_] \.__./[___]\.__./  \  /   \.____./    \/  \/    
                                                  / /                          
                                                 /_/                           
 --------------------------------------------------------------------------------
 Please cite the main BerkeleyGW paper when using results from this calculation:

 Jack Deslippe, Georgy Samsonidze, David A. Strubbe, Manish Jain, Marvin L.
 Cohen, and Steven G. Louie, "BerkeleyGW: A Massively Parallel Computer Package
 for the Calculation of the Quasiparticle and Optical Properties of Materials
 and Nanostructures," Comput. Phys. Commun. 183, 1269 (2012)

 Aditionally, PLEASE CITE ALL PAPERS REPORTED AT THE END OF THIS CALCULATION.
 --------------------------------------------------------------------------------

 Running MPI version (parallel)
 Running with 56 MPI task(s)
 Using OpenMP. Number of threads per MPI task: 1

 Compilation flags:
 - Compiler: INTEL
 - Para. flags: MPI, OMP
 - Math  flags: USESCALAPACK, USEFFTW3, HDF5
 - Debug flags: 

 Running with verbosity level 3 (high).

 Solving the full BSE with the structure-preserving algorithm
 Kernel was calculated only for (v,c)->(v',c') transitions.
 This may not be a good idea for metals!
 
 The restricted fi/co WFN transformation dvv',dcc' will be calculated.
 
 Using the Tamm-Dancoff approximation.

 Using the momentum operator
 
 Using the Delaunay interpolation method.

 **************************************************
 **                                              **
 **                   WARNING:                   **
 **      THE MOMENTUM OPERATOR IS NOT EXACT      **
 **  ONLY USE IT IF YOU KNOW WHAT YOU ARE DOING  **
 **  OTHERWISE YOU SHOULD USE VELOCITY OPERATOR  **
 **    for details see equations (29) and (30)   **
 **    of Rohlfing & Louie PRB 62, 4927 (2000)   **
 **                                              **
 **************************************************
 
 We are doing a calculation with zero exciton momentum
 Running with semiconductor screening

 We are communicating via MPI

 We are using no truncation
 Cutoff for Monte-Carlo average of Coulomb potential: 1.000E+012 Ry

 GPU acceleration is : DISABLED
 
 Algorithms used:
 
 Number of k-points in the coarse k-grid: 64
 A 3-D interpolation algorithm will be employed.
 No symmetries used in the fine grid-sampling
 K-grid: 4 4 4
 Highest occupied band (fine grid) = 5
 Valence max    (fine grid) = .314951 eV
 Conduction min (fine grid) = 8.974803 eV
 Middle energy  (fine grid) = 4.644877 eV
 Fermi  energy  (fine grid) = 4.644877 eV

 Number of electrons per unit cell (from ifmax) = 10.000000
 Number of electrons per unit cell (from occupations) = 10.000000
 Plasma Frequency = 2.110780 Ry


 Scissors parameters:
 - Valence:    es =   0.0000 eV, e0 =   0.0000 eV, edel =   0.0000
 - Conduction: es =   0.0000 eV, e0 =   0.0000 eV, edel =   0.0000
 
 You are doing a class 1 calculation - npes <= nk

 Memory available: 18332.6 MB per PE
 Memory required for vcoul: 114.4 MB per PE
 Memory needed to store the effective Ham. and intkernel arrays: 6.0 MB per PE
 Additional memory needed for evecs and diagonalization: 6.5 MB per PE
 
 Distribution of kcv blocks among PE ranks:
   - PEs 0 to 7 : 2 blocks
   - PEs 8 to 55 : 1 blocks

 Note: workload not evenly distributed among PEs.
 This job will not run with optimum load balance.

 
 Started reading wavefunctions (WFN_fi) with 64 k-point(s) at 22:19:29.
 [ 22:19:29 |   0% ] k-point  1 / 64.
 [ 22:19:29 |   3% ] k-point  3 / 64, remaining: 0 s.
 [ 22:19:29 |   9% ] k-point  7 / 64, remaining: 0 s.
 [ 22:19:29 |  19% ] k-point 13 / 64, remaining: 0 s.
 [ 22:19:29 |  30% ] k-point 20 / 64, remaining: 0 s.
 [ 22:19:29 |  39% ] k-point 26 / 64, remaining: 0 s.
 [ 22:19:29 |  50% ] k-point 33 / 64, remaining: 0 s.
 [ 22:19:29 |  59% ] k-point 39 / 64, remaining: 0 s.
 [ 22:19:29 |  69% ] k-point 45 / 64, remaining: 0 s.
 [ 22:19:29 |  80% ] k-point 52 / 64, remaining: 0 s.
 [ 22:19:29 |  89% ] k-point 58 / 64, remaining: 0 s.
 Finished reading wavefunctions (WFN_fi) at 22:19:29.
 Elapsed time: 0 s.
 

 Conduction wavefunctions read from file WFN_fi:
 - Number of k-points in irreducible BZ: 64
 - Number of k-points in full BZ: 64
 - Listing all k-points:
     0.000000   0.000000   0.000000
    -0.000000  -0.000000   0.250000
    -0.000000  -0.000000   0.500000
    -0.000000  -0.000000   0.750000
     0.000000   0.250000   0.000000
     0.000000   0.250000   0.250000
    -0.000000   0.250000   0.500000
    -0.000000   0.250000   0.750000
     0.000000   0.500000   0.000000
     0.000000   0.500000   0.250000
     0.000000   0.500000   0.500000
    -0.000000   0.500000   0.750000
     0.000000   0.750000   0.000000
     0.000000   0.750000   0.250000
     0.000000   0.750000   0.500000
     0.000000   0.750000   0.750000
     0.250000   0.000000  -0.000000
     0.250000   0.000000   0.250000
     0.250000  -0.000000   0.500000
     0.250000  -0.000000   0.750000
     0.250000   0.250000   0.000000
     0.250000   0.250000   0.250000
     0.250000   0.250000   0.500000
     0.250000   0.250000   0.750000
     0.250000   0.500000   0.000000
     0.250000   0.500000   0.250000
     0.250000   0.500000   0.500000
     0.250000   0.500000   0.750000
     0.250000   0.750000   0.000000
     0.250000   0.750000   0.250000
     0.250000   0.750000   0.500000
     0.250000   0.750000   0.750000
     0.500000   0.000000  -0.000000
     0.500000   0.000000   0.250000
     0.500000   0.000000   0.500000
     0.500000  -0.000000   0.750000
     0.500000   0.250000  -0.000000
     0.500000   0.250000   0.250000
     0.500000   0.250000   0.500000
     0.500000   0.250000   0.750000
     0.500000   0.500000   0.000000
     0.500000   0.500000   0.250000
     0.500000   0.500000   0.500000
     0.500000   0.500000   0.750000
     0.500000   0.750000   0.000000
     0.500000   0.750000   0.250000
     0.500000   0.750000   0.500000
     0.500000   0.750000   0.750000
     0.750000   0.000000  -0.000000
     0.750000   0.000000   0.250000
     0.750000   0.000000   0.500000
     0.750000   0.000000   0.750000
     0.750000   0.250000  -0.000000
     0.750000   0.250000   0.250000
     0.750000   0.250000   0.500000
     0.750000   0.250000   0.750000
     0.750000   0.500000  -0.000000
     0.750000   0.500000   0.250000
     0.750000   0.500000   0.500000
     0.750000   0.500000   0.750000
     0.750000   0.750000   0.000000
     0.750000   0.750000   0.250000
     0.750000   0.750000   0.500000
     0.750000   0.750000   0.750000

 Lowest-energy independent-particle transitions:

                k-point                 ik     ic     iv     energy (eV)
   -------------------------------- ------ ------ ------ ---------------
     0.000000   0.000000   0.000000      1      1      1        8.659852
     0.000000   0.000000   0.000000      1      1      2        8.659852
     0.000000   0.000000   0.000000      1      1      3        8.659852
     0.250000   0.250000   0.250000     22      1      1       10.010219
    -0.250000  -0.250000  -0.250000     64      1      1       10.010219

 More job parameters:
 - Crystal volume (bohr): 7.220E+03
 - Broadening (eV): .030
 - Number of valence bands: 5
 - Number of cond. bands: 7
 - Number of spins: 1
 - Number of eigenvalues to be computed: 2240

 Highest occupied band (fine grid) = 5
 Valence max    (fine grid) = .314951 eV
 Conduction min (fine grid) = 8.974803 eV
 Middle energy  (fine grid) = 4.644877 eV
 Fermi  energy  (fine grid) = 4.644877 eV

 Polarization vector :   0.00000  0.00000  1.00000  Length = 1.41882

 No symmetries used in the shifted-grid sampling
 
 Started reading wavefunctions (WFN_fi) with 64 k-point(s) at 22:19:29.
 [ 22:19:29 |   0% ] k-point  1 / 64.
 [ 22:19:29 |   3% ] k-point  3 / 64, remaining: 0 s.
 [ 22:19:29 |   9% ] k-point  7 / 64, remaining: 0 s.
 [ 22:19:29 |  19% ] k-point 13 / 64, remaining: 0 s.
 [ 22:19:29 |  30% ] k-point 20 / 64, remaining: 0 s.
 [ 22:19:29 |  39% ] k-point 26 / 64, remaining: 0 s.
 [ 22:19:29 |  50% ] k-point 33 / 64, remaining: 0 s.
 [ 22:19:29 |  59% ] k-point 39 / 64, remaining: 0 s.
 [ 22:19:29 |  69% ] k-point 45 / 64, remaining: 0 s.
 [ 22:19:29 |  80% ] k-point 52 / 64, remaining: 0 s.
 [ 22:19:29 |  89% ] k-point 58 / 64, remaining: 0 s.
 Finished reading wavefunctions (WFN_fi) at 22:19:29.
 Elapsed time: 0 s.
 

 Valence wavefunctions read from file WFN_fi:
 - Number of k-points in irreducible BZ: 64
 - Number of k-points in full BZ: 64
 - Listing all k-points:
     0.000000   0.000000   0.000000
    -0.000000  -0.000000   0.250000
    -0.000000  -0.000000   0.500000
    -0.000000  -0.000000   0.750000
     0.000000   0.250000   0.000000
     0.000000   0.250000   0.250000
    -0.000000   0.250000   0.500000
    -0.000000   0.250000   0.750000
     0.000000   0.500000   0.000000
     0.000000   0.500000   0.250000
     0.000000   0.500000   0.500000
    -0.000000   0.500000   0.750000
     0.000000   0.750000   0.000000
     0.000000   0.750000   0.250000
     0.000000   0.750000   0.500000
     0.000000   0.750000   0.750000
     0.250000   0.000000  -0.000000
     0.250000   0.000000   0.250000
     0.250000  -0.000000   0.500000
     0.250000  -0.000000   0.750000
     0.250000   0.250000   0.000000
     0.250000   0.250000   0.250000
     0.250000   0.250000   0.500000
     0.250000   0.250000   0.750000
     0.250000   0.500000   0.000000
     0.250000   0.500000   0.250000
     0.250000   0.500000   0.500000
     0.250000   0.500000   0.750000
     0.250000   0.750000   0.000000
     0.250000   0.750000   0.250000
     0.250000   0.750000   0.500000
     0.250000   0.750000   0.750000
     0.500000   0.000000  -0.000000
     0.500000   0.000000   0.250000
     0.500000   0.000000   0.500000
     0.500000  -0.000000   0.750000
     0.500000   0.250000  -0.000000
     0.500000   0.250000   0.250000
     0.500000   0.250000   0.500000
     0.500000   0.250000   0.750000
     0.500000   0.500000   0.000000
     0.500000   0.500000   0.250000
     0.500000   0.500000   0.500000
     0.500000   0.500000   0.750000
     0.500000   0.750000   0.000000
     0.500000   0.750000   0.250000
     0.500000   0.750000   0.500000
     0.500000   0.750000   0.750000
     0.750000   0.000000  -0.000000
     0.750000   0.000000   0.250000
     0.750000   0.000000   0.500000
     0.750000   0.000000   0.750000
     0.750000   0.250000  -0.000000
     0.750000   0.250000   0.250000
     0.750000   0.250000   0.500000
     0.750000   0.250000   0.750000
     0.750000   0.500000  -0.000000
     0.750000   0.500000   0.250000
     0.750000   0.500000   0.500000
     0.750000   0.500000   0.750000
     0.750000   0.750000   0.000000
     0.750000   0.750000   0.250000
     0.750000   0.750000   0.500000
     0.750000   0.750000   0.750000

 Reading quasiparticle energy corrections from eqp_co.dat

      band   k-point      spin      Elda (eV)       Eqp (eV)
         1         1         1      -39.41835      -49.52266
         2         1         1      -19.17242      -25.09785
         3         1         1        0.31415       -3.06064
         4         1         1        0.31415       -3.06064
         5         1         1        0.31415       -3.06063
         6         1         1        8.97279       10.76611
         7         1         1       23.52841       26.50500
         8         1         1       23.52841       26.50500
         9         1         1       23.52841       26.50500
        10         1         1       24.08510       26.25521
        11         1         1       24.08510       26.25521
        12         1         1       24.08510       26.25521
         1         2         1      -39.38718      -49.50336
         2         2         1      -18.96769      -24.84911
         3         2         1       -1.03834       -4.63653
         4         2         1        0.19649       -3.20458
         5         2         1        0.19649       -3.20457
         6         2         1       10.20560       12.16086
         7         2         1       17.69218       20.08146
         8         2         1       20.24032       22.84243
         9         2         1       20.24032       22.84243
        10         2         1       26.63584       29.16154
        11         2         1       27.21240       29.58005
        12         2         1       27.21241       29.58005
         1         3         1      -39.35509      -49.55947
         2         3         1      -18.74711      -24.58953
         3         3         1       -2.17294       -5.98987
         4         3         1        0.09487       -3.33662
         5         3         1        0.09488       -3.33662
         6         3         1       10.62724       12.58054
         7         3         1       16.47024       19.15632
         8         3         1       18.61933       21.12491
         9         3         1       18.61933       21.12491
        10         3         1       30.05941       32.44373
        11         3         1       30.55735       33.21362
        12         3         1       30.55735       33.21362
         1         4         1      -39.38718      -49.50306
         2         4         1      -18.96769      -24.84822
         3         4         1       -1.03834       -4.64312
         4         4         1        0.19649       -3.20527
         5         4         1        0.19649       -3.20527
         6         4         1       10.20560       12.16374
         7         4         1       17.69218       20.08761
         8         4         1       20.24032       22.84014
         9         4         1       20.24032       22.84014
        10         4         1       26.63584       29.16200
        11         4         1       27.21240       29.58415
        12         4         1       27.21241       29.58415
         1         5         1      -39.38718      -49.50370
         2         5         1      -18.96769      -24.84898
         3         5         1       -1.03833       -4.63641
         4         5         1        0.19648       -3.20458
         5         5         1        0.19649       -3.20457
         6         5         1       10.20559       12.16113
         7         5         1       17.69218       20.08124
         8         5         1       20.24032       22.84257
         9         5         1       20.24032       22.84257
        10         5         1       26.63584       29.16156
        11         5         1       27.21240       29.57975
        12         5         1       27.21241       29.57975
         1         6         1      -39.37675      -49.53002
         2         6         1      -18.87082      -24.73782
         3         6         1       -1.09942       -4.66752
         4         6         1       -0.18728       -3.65214
         5         6         1       -0.18727       -3.65214
         6         6         1       11.25763       13.36462
         7         6         1       18.56062       20.47726
         8         6         1       19.45224       21.95431
         9         6         1       20.27146       23.03110
        10         6         1       20.27146       23.03110
        11         6         1       32.60979       35.22349
        12         6         1       32.60979       35.22349
         1         7         1      -39.34707      -49.50842
         2         7         1      -18.61564      -24.44804
         3         7         1       -2.03442       -5.77388
         4         7         1       -0.83809       -4.39199
         5         7         1       -0.30253       -3.79468
         6         7         1       12.77887       15.00490
         7         7         1       15.59905       18.04586
         8         7         1       18.46528       20.95255
         9         7         1       19.27594       21.99897
        10         7         1       23.71569       26.14774
        11         7         1       32.53689       35.18753
        12         7         1       33.25149       35.84037
         1         8         1      -39.35607      -49.49638
         2         8         1      -18.72068      -24.56476
         3         8         1       -1.52384       -5.21131
         4         8         1       -1.00249       -4.58003
         5         8         1        0.07724       -3.35212
         6         8         1       11.91385       14.06751
         7         8         1       15.55862       17.95216
         8         8         1       19.16657       21.77982
         9         8         1       19.17078       21.80779
        10         8         1       28.61537       30.87711
        11         8         1       28.65424       31.29104
        12         8         1       28.70196       31.12331
         1         9         1      -39.35509      -49.56623
         2         9         1      -18.74711      -24.58972
         3         9         1       -2.17294       -5.98979
         4         9         1        0.09487       -3.33664
         5         9         1        0.09488       -3.33664
         6         9         1       10.62723       12.58065
         7         9         1       16.47024       19.15614
         8         9         1       18.61933       21.12496
         9         9         1       18.61933       21.12496
        10         9         1       30.05941       32.44397
        11         9         1       30.55735       33.21346
        12         9         1       30.55735       33.21347
         1        10         1      -39.34707      -49.50842
         2        10         1      -18.61564      -24.44552
         3        10         1       -2.03441       -5.77375
         4        10         1       -0.83809       -4.39208
         5        10         1       -0.30253       -3.79465
         6        10         1       12.77887       15.00505
         7        10         1       15.59905       18.04564
         8        10         1       18.46528       20.95256
         9        10         1       19.27594       21.99915
        10        10         1       23.71569       26.14749
        11        10         1       32.53689       35.18760
        12        10         1       33.25149       35.84033
         1        11         1      -39.33888      -49.49146
         2        11         1      -18.47897      -24.28624
         3        11         1       -2.67676       -6.46769
         4        11         1       -0.67038       -4.22391
         5        11         1       -0.67038       -4.22391
         6        11         1       14.56107       17.23467
         7        11         1       16.31773       18.15393
         8        11         1       17.23483       19.50603
         9        11         1       19.86095       22.78543
        10        11         1       19.86095       22.78543
        11        11         1       32.94473       35.61600
        12        11         1       37.92107       40.74547
         1        12         1      -39.34707      -49.50766
         2        12         1      -18.61564      -24.44627
         3        12         1       -2.03441       -5.77664
         4        12         1       -0.83809       -4.39777
         5        12         1       -0.30253       -3.79640
         6        12         1       12.77887       15.01469
         7        12         1       15.59905       18.04535
         8        12         1       18.46528       20.95640
         9        12         1       19.27594       22.00346
        10        12         1       23.71569       26.14650
        11        12         1       32.53689       35.18767
        12        12         1       33.25149       35.83791
         1        13         1      -39.38718      -49.50343
         2        13         1      -18.96769      -24.84666
         3        13         1       -1.03833       -4.64310
         4        13         1        0.19648       -3.20532
         5        13         1        0.19649       -3.20532
         6        13         1       10.20559       12.16356
         7        13         1       17.69218       20.08761
         8        13         1       20.24032       22.84007
         9        13         1       20.24032       22.84008
        10        13         1       26.63584       29.16229
        11        13         1       27.21240       29.58428
        12        13         1       27.21241       29.58429
         1        14         1      -39.35607      -49.49628
         2        14         1      -18.72068      -24.56486
         3        14         1       -1.52384       -5.21140
         4        14         1       -1.00249       -4.58002
         5        14         1        0.07724       -3.35213
         6        14         1       11.91385       14.06729
         7        14         1       15.55862       17.95223
         8        14         1       19.16657       21.77987
         9        14         1       19.17078       21.80785
        10        14         1       28.61537       30.87734
        11        14         1       28.65424       31.29115
        12        14         1       28.70196       31.12315
         1        15         1      -39.34707      -49.50765
         2        15         1      -18.61564      -24.44743
         3        15         1       -2.03442       -5.77670
         4        15         1       -0.83809       -4.39770
         5        15         1       -0.30253       -3.79639
         6        15         1       12.77887       15.01462
         7        15         1       15.59905       18.04540
         8        15         1       18.46528       20.95635
         9        15         1       19.27594       22.00358
        10        15         1       23.71569       26.14630
        11        15         1       32.53689       35.18796
        12        15         1       33.25149       35.83832
         1        16         1      -39.37675      -49.53226
         2        16         1      -18.87082      -24.73732
         3        16         1       -1.09942       -4.67991
         4        16         1       -0.18728       -3.65514
         5        16         1       -0.18727       -3.65513
         6        16         1       11.25763       13.37712
         7        16         1       18.56062       20.47380
         8        16         1       19.45224       21.95391
         9        16         1       20.27146       23.03865
        10        16         1       20.27146       23.03865
        11        16         1       32.60979       35.23077
        12        16         1       32.60979       35.23077
         1        17         1      -39.38718      -49.50321
         2        17         1      -18.96769      -24.84658
         3        17         1       -1.03833       -4.63783
         4        17         1        0.19648       -3.20479
         5        17         1        0.19649       -3.20479
         6        17         1       10.20559       12.16147
         7        17         1       17.69218       20.08186
         8        17         1       20.24032       22.84177
         9        17         1       20.24032       22.84178
        10        17         1       26.63584       29.16248
        11        17         1       27.21241       29.58096
        12        17         1       27.21241       29.58096
         1        18         1      -39.37675      -49.53034
         2        18         1      -18.87082      -24.73660
         3        18         1       -1.09942       -4.66901
         4        18         1       -0.18728       -3.65252
         5        18         1       -0.18727       -3.65252
         6        18         1       11.25763       13.36573
         7        18         1       18.56062       20.47669
         8        18         1       19.45224       21.95440
         9        18         1       20.27146       23.03148
        10        18         1       20.27146       23.03148
        11        18         1       32.60979       35.22479
        12        18         1       32.60979       35.22479
         1        19         1      -39.34707      -49.50750
         2        19         1      -18.61564      -24.44742
         3        19         1       -2.03442       -5.77426
         4        19         1       -0.83808       -4.39261
         5        19         1       -0.30253       -3.79518
         6        19         1       12.77887       15.00652
         7        19         1       15.59905       18.04535
         8        19         1       18.46528       20.95285
         9        19         1       19.27594       21.99985
        10        19         1       23.71569       26.14675
        11        19         1       32.53689       35.18766
        12        19         1       33.25149       35.84072
         1        20         1      -39.35607      -49.49593
         2        20         1      -18.72068      -24.56457
         3        20         1       -1.52384       -5.21171
         4        20         1       -1.00250       -4.58046
         5        20         1        0.07724       -3.35245
         6        20         1       11.91385       14.06792
         7        20         1       15.55862       17.95241
         8        20         1       19.16657       21.78000
         9        20         1       19.17077       21.80795
        10        20         1       28.61537       30.87777
        11        20         1       28.65424       31.29135
        12        20         1       28.70196       31.12260
         1        21         1      -39.37675      -49.53194
         2        21         1      -18.87082      -24.73643
         3        21         1       -1.09941       -4.66891
         4        21         1       -0.18728       -3.65254
         5        21         1       -0.18727       -3.65254
         6        21         1       11.25763       13.36601
         7        21         1       18.56062       20.47665
         8        21         1       19.45224       21.95445
         9        21         1       20.27146       23.03135
        10        21         1       20.27146       23.03136
        11        21         1       32.60979       35.22456
        12        21         1       32.60979       35.22456
         1        22         1      -39.38718      -49.50450
         2        22         1      -18.96769      -24.84621
         3        22         1       -1.03833       -4.62992
         4        22         1        0.19648       -3.20401
         5        22         1        0.19649       -3.20401
         6        22         1       10.20559       12.15836
         7        22         1       17.69218       20.07591
         8        22         1       20.24032       22.84386
         9        22         1       20.24032       22.84386
        10        22         1       26.63584       29.16014
        11        22         1       27.21241       29.57786
        12        22         1       27.21241       29.57786
         1        23         1      -39.35607      -49.49548
         2        23         1      -18.72068      -24.56298
         3        23         1       -1.52384       -5.20652
         4        23         1       -1.00249       -4.57631
         5        23         1        0.07724       -3.35080
         6        23         1       11.91385       14.06409
         7        23         1       15.55863       17.94491
         8        23         1       19.16657       21.77687
         9        23         1       19.17078       21.80859
        10        23         1       28.61537       30.87532
        11        23         1       28.65425       31.28961
        12        23         1       28.70196       31.12720
         1        24         1      -39.34707      -49.50739
         2        24         1      -18.61564      -24.44671
         3        24         1       -2.03441       -5.77584
         4        24         1       -0.83809       -4.39139
         5        24         1       -0.30253       -3.79400
         6        24         1       12.77887       15.00053
         7        24         1       15.59905       18.04958
         8        24         1       18.46528       20.95788
         9        24         1       19.27594       21.99358
        10        24         1       23.71569       26.14821
        11        24         1       32.53689       35.18424
        12        24         1       33.25148       35.84097
         1        25         1      -39.34707      -49.50760
         2        25         1      -18.61564      -24.44659
         3        25         1       -2.03441       -5.77414
         4        25         1       -0.83808       -4.39263
         5        25         1       -0.30253       -3.79526
         6        25         1       12.77887       15.00680
         7        25         1       15.59905       18.04524
         8        25         1       18.46528       20.95272
         9        25         1       19.27594       21.99983
        10        25         1       23.71569       26.14652
        11        25         1       32.53689       35.18774
        12        25         1       33.25148       35.84070
         1        26         1      -39.35607      -49.49535
         2        26         1      -18.72068      -24.56264
         3        26         1       -1.52384       -5.20639
         4        26         1       -1.00250       -4.57635
         5        26         1        0.07724       -3.35078
         6        26         1       11.91385       14.06429
         7        26         1       15.55862       17.94471
         8        26         1       19.16657       21.77693
         9        26         1       19.17077       21.80855
        10        26         1       28.61537       30.87525
        11        26         1       28.65424       31.28952
        12        26         1       28.70196       31.12717
         1        27         1      -39.34707      -49.50868
         2        27         1      -18.61564      -24.44593
         3        27         1       -2.03441       -5.77202
         4        27         1       -0.83808       -4.39196
         5        27         1       -0.30253       -3.79549
         6        27         1       12.77887       15.00975
         7        27         1       15.59905       18.04060
         8        27         1       18.46528       20.94828
         9        27         1       19.27594       22.00422
        10        27         1       23.71569       26.14906
        11        27         1       32.53689       35.18945
        12        27         1       33.25149       35.83804
         1        28         1      -39.33828      -49.50529
         2        28         1      -18.50688      -24.33563
         3        28         1       -1.74928       -5.42691
         4        28         1       -1.74928       -5.42691
         5        28         1       -0.46670       -4.00490
         6        28         1       14.82196       17.29497
         7        28         1       14.82196       17.29497
         8        28         1       17.15873       19.61503
         9        28         1       18.98284       21.55627
        10        28         1       27.07166       29.58035
        11        28         1       27.07166       29.58035
        12        28         1       33.60135       36.36205
         1        29         1      -39.35607      -49.49613
         2        29         1      -18.72068      -24.56473
         3        29         1       -1.52384       -5.21168
         4        29         1       -1.00249       -4.58045
         5        29         1        0.07724       -3.35255
         6        29         1       11.91385       14.06783
         7        29         1       15.55863       17.95259
         8        29         1       19.16657       21.77995
         9        29         1       19.17078       21.80792
        10        29         1       28.61537       30.87793
        11        29         1       28.65425       31.29155
        12        29         1       28.70196       31.12235
         1        30         1      -39.34707      -49.50728
         2        30         1      -18.61564      -24.44691
         3        30         1       -2.03441       -5.77586
         4        30         1       -0.83809       -4.39136
         5        30         1       -0.30253       -3.79399
         6        30         1       12.77887       15.00046
         7        30         1       15.59905       18.04955
         8        30         1       18.46528       20.95793
         9        30         1       19.27594       21.99365
        10        30         1       23.71569       26.14832
        11        30         1       32.53689       35.18407
        12        30         1       33.25149       35.84089
         1        31         1      -39.33828      -49.50520
         2        31         1      -18.50688      -24.33492
         3        31         1       -1.74928       -5.42690
         4        31         1       -1.74928       -5.42690
         5        31         1       -0.46669       -4.00487
         6        31         1       14.82196       17.29490
         7        31         1       14.82196       17.29490
         8        31         1       17.15873       19.61516
         9        31         1       18.98284       21.55628
        10        31         1       27.07166       29.58039
        11        31         1       27.07166       29.58039
        12        31         1       33.60135       36.36196
         1        32         1      -39.34707      -49.50661
         2        32         1      -18.61564      -24.44603
         3        32         1       -2.03441       -5.77764
         4        32         1       -0.83809       -4.39679
         5        32         1       -0.30253       -3.79712
         6        32         1       12.77887       15.01859
         7        32         1       15.59905       18.04195
         8        32         1       18.46528       20.95180
         9        32         1       19.27594       22.00953
        10        32         1       23.71569       26.14711
        11        32         1       32.53689       35.19020
        12        32         1       33.25149       35.83472
         1        33         1      -39.35509      -49.55947
         2        33         1      -18.74711      -24.58932
         3        33         1       -2.17293       -5.98970
         4        33         1        0.09487       -3.33675
         5        33         1        0.09487       -3.33675
         6        33         1       10.62723       12.58071
         7        33         1       16.47024       19.15614
         8        33         1       18.61933       21.12495
         9        33         1       18.61933       21.12495
        10        33         1       30.05940       32.44400
        11        33         1       30.55735       33.21346
        12        33         1       30.55735       33.21346
         1        34         1      -39.34707      -49.50754
         2        34         1      -18.61564      -24.44728
         3        34         1       -2.03441       -5.77417
         4        34         1       -0.83809       -4.39266
         5        34         1       -0.30253       -3.79482
         6        34         1       12.77887       15.00540
         7        34         1       15.59905       18.04574
         8        34         1       18.46528       20.95339
         9        34         1       19.27594       21.99891
        10        34         1       23.71569       26.14798
        11        34         1       32.53689       35.18708
        12        34         1       33.25149       35.84008
         1        35         1      -39.33888      -49.49140
         2        35         1      -18.47897      -24.28672
         3        35         1       -2.67676       -6.46764
         4        35         1       -0.67038       -4.22393
         5        35         1       -0.67038       -4.22393
         6        35         1       14.56107       17.23459
         7        35         1       16.31773       18.15403
         8        35         1       17.23483       19.50605
         9        35         1       19.86095       22.78546
        10        35         1       19.86095       22.78546
        11        35         1       32.94473       35.61587
        12        35         1       37.92107       40.74563
         1        36         1      -39.34707      -49.50767
         2        36         1      -18.61564      -24.44562
         3        36         1       -2.03441       -5.77606
         4        36         1       -0.83809       -4.39715
         5        36         1       -0.30253       -3.79656
         6        36         1       12.77887       15.01438
         7        36         1       15.59905       18.04532
         8        36         1       18.46528       20.95552
         9        36         1       19.27594       22.00373
        10        36         1       23.71569       26.14614
        11        36         1       32.53689       35.18836
        12        36         1       33.25149       35.83809
         1        37         1      -39.34707      -49.50816
         2        37         1      -18.61564      -24.44855
         3        37         1       -2.03441       -5.77417
         4        37         1       -0.83809       -4.39258
         5        37         1       -0.30253       -3.79492
         6        37         1       12.77887       15.00552
         7        37         1       15.59905       18.04584
         8        37         1       18.46528       20.95326
         9        37         1       19.27594       21.99872
        10        37         1       23.71569       26.14801
        11        37         1       32.53689       35.18705
        12        37         1       33.25149       35.84018
         1        38         1      -39.35607      -49.49577
         2        38         1      -18.72068      -24.56255
         3        38         1       -1.52384       -5.20677
         4        38         1       -1.00249       -4.57688
         5        38         1        0.07724       -3.35108
         6        38         1       11.91385       14.06464
         7        38         1       15.55862       17.94514
         8        38         1       19.16657       21.77701
         9        38         1       19.17078       21.80871
        10        38         1       28.61537       30.87593
        11        38         1       28.65424       31.28990
        12        38         1       28.70196       31.12645
         1        39         1      -39.34707      -49.50831
         2        39         1      -18.61564      -24.44633
         3        39         1       -2.03441       -5.77241
         4        39         1       -0.83809       -4.39282
         5        39         1       -0.30253       -3.79573
         6        39         1       12.77887       15.01134
         7        39         1       15.59905       18.04006
         8        39         1       18.46528       20.94856
         9        39         1       19.27594       22.00517
        10        39         1       23.71569       26.14802
        11        39         1       32.53689       35.18954
        12        39         1       33.25149       35.83841
         1        40         1      -39.33828      -49.50521
         2        40         1      -18.50688      -24.33486
         3        40         1       -1.74928       -5.42689
         4        40         1       -1.74928       -5.42688
         5        40         1       -0.46670       -4.00494
         6        40         1       14.82196       17.29494
         7        40         1       14.82196       17.29494
         8        40         1       17.15873       19.61512
         9        40         1       18.98284       21.55625
        10        40         1       27.07166       29.58038
        11        40         1       27.07166       29.58038
        12        40         1       33.60135       36.36205
         1        41         1      -39.33888      -49.49146
         2        41         1      -18.47897      -24.28631
         3        41         1       -2.67676       -6.46760
         4        41         1       -0.67038       -4.22399
         5        41         1       -0.67038       -4.22399
         6        41         1       14.56107       17.23475
         7        41         1       16.31773       18.15393
         8        41         1       17.23483       19.50603
         9        41         1       19.86095       22.78539
        10        41         1       19.86095       22.78539
        11        41         1       32.94473       35.61597
        12        41         1       37.92107       40.74526
         1        42         1      -39.34707      -49.50860
         2        42         1      -18.61564      -24.44505
         3        42         1       -2.03441       -5.77234
         4        42         1       -0.83809       -4.39291
         5        42         1       -0.30253       -3.79575
         6        42         1       12.77887       15.01149
         7        42         1       15.59905       18.04004
         8        42         1       18.46528       20.94856
         9        42         1       19.27594       22.00498
        10        42         1       23.71569       26.14813
        11        42         1       32.53689       35.18954
        12        42         1       33.25149       35.83808
         1        43         1      -39.35509      -49.56594
         2        43         1      -18.74711      -24.58608
         3        43         1       -2.17293       -5.98728
         4        43         1        0.09487       -3.33621
         5        43         1        0.09487       -3.33620
         6        43         1       10.62723       12.58001
         7        43         1       16.47024       19.15579
         8        43         1       18.61933       21.12481
         9        43         1       18.61933       21.12481
        10        43         1       30.05941       32.44060
        11        43         1       30.55735       33.21412
        12        43         1       30.55735       33.21412
         1        44         1      -39.34707      -49.50786
         2        44         1      -18.61564      -24.44518
         3        44         1       -2.03441       -5.77510
         4        44         1       -0.83809       -4.39718
         5        44         1       -0.30253       -3.79465
         6        44         1       12.77887       15.00743
         7        44         1       15.59905       18.04999
         8        44         1       18.46528       20.96126
         9        44         1       19.27594       21.99676
        10        44         1       23.71569       26.14646
        11        44         1       32.53689       35.18536
        12        44         1       33.25149       35.84075
         1        45         1      -39.34707      -49.50788
         2        45         1      -18.61564      -24.44666
         3        45         1       -2.03441       -5.77610
         4        45         1       -0.83809       -4.39707
         5        45         1       -0.30253       -3.79665
         6        45         1       12.77887       15.01433
         7        45         1       15.59905       18.04533
         8        45         1       18.46528       20.95556
         9        45         1       19.27594       22.00376
        10        45         1       23.71569       26.14589
        11        45         1       32.53689       35.18849
        12        45         1       33.25149       35.83827
         1        46         1      -39.33828      -49.50147
         2        46         1      -18.50688      -24.33476
         3        46         1       -1.74928       -5.42689
         4        46         1       -1.74928       -5.42688
         5        46         1       -0.46670       -4.00493
         6        46         1       14.82196       17.29494
         7        46         1       14.82196       17.29494
         8        46         1       17.15873       19.61511
         9        46         1       18.98284       21.55626
        10        46         1       27.07166       29.58037
        11        46         1       27.07166       29.58037
        12        46         1       33.60135       36.36185
         1        47         1      -39.34707      -49.50810
         2        47         1      -18.61564      -24.44572
         3        47         1       -2.03441       -5.77514
         4        47         1       -0.83809       -4.39710
         5        47         1       -0.30253       -3.79465
         6        47         1       12.77887       15.00746
         7        47         1       15.59905       18.05010
         8        47         1       18.46528       20.96110
         9        47         1       19.27594       21.99672
        10        47         1       23.71569       26.14662
        11        47         1       32.53689       35.18532
        12        47         1       33.25149       35.84101
         1        48         1      -39.35607      -49.49607
         2        48         1      -18.72068      -24.56343
         3        48         1       -1.52384       -5.21168
         4        48         1       -1.00249       -4.58414
         5        48         1        0.07724       -3.35293
         6        48         1       11.91385       14.06801
         7        48         1       15.55862       17.96099
         8        48         1       19.16657       21.78400
         9        48         1       19.17078       21.80543
        10        48         1       28.61537       30.87843
        11        48         1       28.65424       31.29048
        12        48         1       28.70196       31.12128
         1        49         1      -39.38718      -49.50351
         2        49         1      -18.96769      -24.84952
         3        49         1       -1.03833       -4.64142
         4        49         1        0.19648       -3.20530
         5        49         1        0.19649       -3.20530
         6        49         1       10.20559       12.16330
         7        49         1       17.69218       20.08696
         8        49         1       20.24032       22.84086
         9        49         1       20.24032       22.84086
        10        49         1       26.63584       29.16143
        11        49         1       27.21241       29.58303
        12        49         1       27.21241       29.58304
         1        50         1      -39.35607      -49.49574
         2        50         1      -18.72068      -24.56438
         3        50         1       -1.52384       -5.21093
         4        50         1       -1.00250       -4.57944
         5        50         1        0.07724       -3.35209
         6        50         1       11.91385       14.06705
         7        50         1       15.55862       17.95176
         8        50         1       19.16657       21.77971
         9        50         1       19.17077       21.80774
        10        50         1       28.61537       30.87663
        11        50         1       28.65424       31.29075
        12        50         1       28.70196       31.12389
         1        51         1      -39.34707      -49.50785
         2        51         1      -18.61564      -24.44721
         3        51         1       -2.03442       -5.77625
         4        51         1       -0.83808       -4.39684
         5        51         1       -0.30253       -3.79619
         6        51         1       12.77887       15.01297
         7        51         1       15.59905       18.04597
         8        51         1       18.46528       20.95604
         9        51         1       19.27594       22.00270
        10        51         1       23.71569       26.14740
        11        51         1       32.53689       35.18790
        12        51         1       33.25149       35.83799
         1        52         1      -39.37675      -49.53201
         2        52         1      -18.87082      -24.73849
         3        52         1       -1.09942       -4.67834
         4        52         1       -0.18728       -3.65481
         5        52         1       -0.18727       -3.65481
         6        52         1       11.25763       13.37594
         7        52         1       18.56062       20.47452
         8        52         1       19.45224       21.95373
         9        52         1       20.27146       23.03832
        10        52         1       20.27146       23.03832
        11        52         1       32.60979       35.22951
        12        52         1       32.60979       35.22951
         1        53         1      -39.35607      -49.49612
         2        53         1      -18.72068      -24.56434
         3        53         1       -1.52384       -5.21081
         4        53         1       -1.00249       -4.57944
         5        53         1        0.07724       -3.35218
         6        53         1       11.91385       14.06718
         7        53         1       15.55863       17.95186
         8        53         1       19.16657       21.77960
         9        53         1       19.17078       21.80764
        10        53         1       28.61537       30.87658
        11        53         1       28.65425       31.29084
        12        53         1       28.70196       31.12383
         1        54         1      -39.34707      -49.50767
         2        54         1      -18.61564      -24.44499
         3        54         1       -2.03441       -5.77534
         4        54         1       -0.83809       -4.39074
         5        54         1       -0.30253       -3.79410
         6        54         1       12.77887       15.00020
         7        54         1       15.59905       18.04948
         8        54         1       18.46528       20.95708
         9        54         1       19.27594       21.99383
        10        54         1       23.71569       26.14786
        11        54         1       32.53689       35.18458
        12        54         1       33.25149       35.84106
         1        55         1      -39.33828      -49.50530
         2        55         1      -18.50688      -24.33491
         3        55         1       -1.74928       -5.42690
         4        55         1       -1.74928       -5.42690
         5        55         1       -0.46669       -4.00486
         6        55         1       14.82196       17.29490
         7        55         1       14.82196       17.29490
         8        55         1       17.15873       19.61516
         9        55         1       18.98284       21.55629
        10        55         1       27.07166       29.58038
        11        55         1       27.07166       29.58038
        12        55         1       33.60135       36.36197
         1        56         1      -39.34707      -49.50717
         2        56         1      -18.61564      -24.44512
         3        56         1       -2.03441       -5.77717
         4        56         1       -0.83809       -4.39622
         5        56         1       -0.30253       -3.79700
         6        56         1       12.77887       15.01820
         7        56         1       15.59905       18.04189
         8        56         1       18.46528       20.95094
         9        56         1       19.27594       22.00984
        10        56         1       23.71569       26.14669
        11        56         1       32.53689       35.19087
        12        56         1       33.25149       35.83495
         1        57         1      -39.34707      -49.50768
         2        57         1      -18.61564      -24.44771
         3        57         1       -2.03441       -5.77623
         4        57         1       -0.83808       -4.39682
         5        57         1       -0.30253       -3.79629
         6        57         1       12.77887       15.01300
         7        57         1       15.59905       18.04593
         8        57         1       18.46528       20.95612
         9        57         1       19.27594       22.00262
        10        57         1       23.71569       26.14737
        11        57         1       32.53689       35.18784
        12        57         1       33.25148       35.83776
         1        58         1      -39.33828      -49.50156
         2        58         1      -18.50688      -24.33586
         3        58         1       -1.74928       -5.42691
         4        58         1       -1.74928       -5.42691
         5        58         1       -0.46670       -4.00489
         6        58         1       14.82196       17.29497
         7        58         1       14.82196       17.29497
         8        58         1       17.15873       19.61504
         9        58         1       18.98284       21.55626
        10        58         1       27.07166       29.58036
        11        58         1       27.07166       29.58036
        12        58         1       33.60135       36.36202
         1        59         1      -39.34707      -49.50768
         2        59         1      -18.61564      -24.44697
         3        59         1       -2.03441       -5.77558
         4        59         1       -0.83808       -4.39771
         5        59         1       -0.30253       -3.79511
         6        59         1       12.77887       15.00912
         7        59         1       15.59905       18.04956
         8        59         1       18.46528       20.96142
         9        59         1       19.27594       21.99751
        10        59         1       23.71569       26.14554
        11        59         1       32.53689       35.18545
        12        59         1       33.25149       35.84130
         1        60         1      -39.35607      -49.49573
         2        60         1      -18.72068      -24.56326
         3        60         1       -1.52384       -5.21218
         4        60         1       -1.00250       -4.58461
         5        60         1        0.07724       -3.35300
         6        60         1       11.91385       14.06832
         7        60         1       15.55862       17.96128
         8        60         1       19.16657       21.78426
         9        60         1       19.17077       21.80555
        10        60         1       28.61537       30.87911
        11        60         1       28.65424       31.29080
        12        60         1       28.70196       31.12052
         1        61         1      -39.37675      -49.53217
         2        61         1      -18.87082      -24.73809
         3        61         1       -1.09941       -4.67833
         4        61         1       -0.18728       -3.65486
         5        61         1       -0.18727       -3.65486
         6        61         1       11.25763       13.37578
         7        61         1       18.56062       20.47441
         8        61         1       19.45224       21.95385
         9        61         1       20.27146       23.03829
        10        61         1       20.27146       23.03829
        11        61         1       32.60979       35.22958
        12        61         1       32.60979       35.22958
         1        62         1      -39.34707      -49.50708
         2        62         1      -18.61564      -24.44649
         3        62         1       -2.03441       -5.77726
         4        62         1       -0.83809       -4.39620
         5        62         1       -0.30253       -3.79703
         6        62         1       12.77887       15.01802
         7        62         1       15.59905       18.04199
         8        62         1       18.46528       20.95109
         9        62         1       19.27594       22.00970
        10        62         1       23.71569       26.14678
        11        62         1       32.53689       35.19073
        12        62         1       33.25148       35.83481
         1        63         1      -39.35607      -49.49590
         2        63         1      -18.72068      -24.56389
         3        63         1       -1.52384       -5.21221
         4        63         1       -1.00249       -4.58458
         5        63         1        0.07724       -3.35300
         6        63         1       11.91385       14.06833
         7        63         1       15.55863       17.96140
         8        63         1       19.16657       21.78416
         9        63         1       19.17078       21.80552
        10        63         1       28.61537       30.87894
        11        63         1       28.65425       31.29078
        12        63         1       28.70196       31.12073
         1        64         1      -39.38718      -49.50282
         2        64         1      -18.96769      -24.84689
         3        64         1       -1.03833       -4.64792
         4        64         1        0.19648       -3.20505
         5        64         1        0.19649       -3.20505
         6        64         1       10.20559       12.16420
         7        64         1       17.69218       20.09584
         8        64         1       20.24032       22.83801
         9        64         1       20.24032       22.83801
        10        64         1       26.63584       29.15933
        11        64         1       27.21241       29.58891
        12        64         1       27.21241       29.58891
 
 Highest occupied band (coarse grid) = 5
 Valence max    (coarse grid) = -3.060634 eV
 Conduction min (coarse grid) = 10.766113 eV
 Middle energy  (coarse grid) = 3.852740 eV
 Fermi  energy  (coarse grid) = 3.852740 eV


 Reading quasiparticle energy corrections from eqp_co.dat
 Using symmetries to expand the coarse-grid sampling
 
 Started reading wavefunctions (WFN_co) with 64 k-point(s) at 22:19:29.
 [ 22:19:29 |   0% ] k-point  1 / 64.
 [ 22:19:29 |   3% ] k-point  3 / 64, remaining: 0 s.
 [ 22:19:29 |   9% ] k-point  7 / 64, remaining: 0 s.
 [ 22:19:29 |  19% ] k-point 13 / 64, remaining: 0 s.
 [ 22:19:29 |  30% ] k-point 20 / 64, remaining: 0 s.
 [ 22:19:29 |  39% ] k-point 26 / 64, remaining: 0 s.
 [ 22:19:29 |  50% ] k-point 33 / 64, remaining: 0 s.
 [ 22:19:29 |  59% ] k-point 39 / 64, remaining: 0 s.
 [ 22:19:29 |  69% ] k-point 45 / 64, remaining: 0 s.
 [ 22:19:29 |  80% ] k-point 52 / 64, remaining: 0 s.
 [ 22:19:29 |  89% ] k-point 58 / 64, remaining: 0 s.
 Finished reading wavefunctions (WFN_co) at 22:19:29.
 Elapsed time: 0 s.
 

 Coarse-grid wavefunctions read from file WFN_co:
 - Number of k-points in irreducible BZ: 64
 - Number of k-points in full BZ: 64
 - Listing all k-points:
     0.000000   0.000000   0.000000
    -0.000000  -0.000000   0.250000
    -0.000000  -0.000000   0.500000
    -0.000000  -0.000000   0.750000
     0.000000   0.250000   0.000000
     0.000000   0.250000   0.250000
    -0.000000   0.250000   0.500000
    -0.000000   0.250000   0.750000
     0.000000   0.500000   0.000000
     0.000000   0.500000   0.250000
     0.000000   0.500000   0.500000
    -0.000000   0.500000   0.750000
     0.000000   0.750000   0.000000
     0.000000   0.750000   0.250000
     0.000000   0.750000   0.500000
     0.000000   0.750000   0.750000
     0.250000   0.000000  -0.000000
     0.250000   0.000000   0.250000
     0.250000  -0.000000   0.500000
     0.250000  -0.000000   0.750000
     0.250000   0.250000   0.000000
     0.250000   0.250000   0.250000
     0.250000   0.250000   0.500000
     0.250000   0.250000   0.750000
     0.250000   0.500000   0.000000
     0.250000   0.500000   0.250000
     0.250000   0.500000   0.500000
     0.250000   0.500000   0.750000
     0.250000   0.750000   0.000000
     0.250000   0.750000   0.250000
     0.250000   0.750000   0.500000
     0.250000   0.750000   0.750000
     0.500000   0.000000  -0.000000
     0.500000   0.000000   0.250000
     0.500000   0.000000   0.500000
     0.500000  -0.000000   0.750000
     0.500000   0.250000  -0.000000
     0.500000   0.250000   0.250000
     0.500000   0.250000   0.500000
     0.500000   0.250000   0.750000
     0.500000   0.500000   0.000000
     0.500000   0.500000   0.250000
     0.500000   0.500000   0.500000
     0.500000   0.500000   0.750000
     0.500000   0.750000   0.000000
     0.500000   0.750000   0.250000
     0.500000   0.750000   0.500000
     0.500000   0.750000   0.750000
     0.750000   0.000000  -0.000000
     0.750000   0.000000   0.250000
     0.750000   0.000000   0.500000
     0.750000   0.000000   0.750000
     0.750000   0.250000  -0.000000
     0.750000   0.250000   0.250000
     0.750000   0.250000   0.500000
     0.750000   0.250000   0.750000
     0.750000   0.500000  -0.000000
     0.750000   0.500000   0.250000
     0.750000   0.500000   0.500000
     0.750000   0.500000   0.750000
     0.750000   0.750000   0.000000
     0.750000   0.750000   0.250000
     0.750000   0.750000   0.500000
     0.750000   0.750000   0.750000
 
 Started wavefunction interpolation with 2 k-point(s) at 22:19:30.
 [ 22:19:30 |   0% ] k-point 1 / 2.
 [ 22:19:30 |  50% ] k-point 2 / 2.
 Finished wavefunction interpolation at 22:19:30.
 Elapsed time: 0 s.
 
 Max. error in norm of transformation coefficients (1 - \sum_co |d_fi,co|^2):
  - For valence states: 9.471E-10
  - For conduction states: 3.328E-08

 K-points in coarse grid:
       ik         kx         ky         kz    Nfi
        1   0.000000   0.000000   0.000000      1
        2  -0.000000  -0.000000   0.250000      1
        3  -0.000000  -0.000000  -0.500000      1
        4  -0.000000  -0.000000  -0.250000      1
        5   0.000000   0.250000   0.000000      1
        6   0.000000   0.250000   0.250000      1
        7  -0.000000   0.250000   0.500000      1
        8  -0.000000   0.250000  -0.250000      1
        9   0.000000  -0.500000   0.000000      1
       10   0.000000   0.500000   0.250000      1
       11   0.000000  -0.500000  -0.500000      1
       12  -0.000000  -0.500000  -0.250000      1
       13   0.000000  -0.250000   0.000000      1
       14   0.000000  -0.250000   0.250000      1
       15   0.000000  -0.250000  -0.500000      1
       16   0.000000  -0.250000  -0.250000      1
       17   0.250000   0.000000  -0.000000      1
       18   0.250000   0.000000   0.250000      1
       19   0.250000  -0.000000   0.500000      1
       20   0.250000  -0.000000  -0.250000      1
       21   0.250000   0.250000   0.000000      1
       22   0.250000   0.250000   0.250000      1
       23   0.250000   0.250000   0.500000      1
       24   0.250000   0.250000  -0.250000      1
       25   0.250000   0.500000   0.000000      1
       26   0.250000   0.500000   0.250000      1
       27   0.250000   0.500000   0.500000      1
       28   0.250000  -0.500000  -0.250000      1
       29   0.250000  -0.250000   0.000000      1
       30   0.250000  -0.250000   0.250000      1
       31   0.250000  -0.250000  -0.500000      1
       32   0.250000  -0.250000  -0.250000      1
       33  -0.500000   0.000000  -0.000000      1
       34   0.500000   0.000000   0.250000      1
       35  -0.500000   0.000000  -0.500000      1
       36  -0.500000  -0.000000  -0.250000      1
       37   0.500000   0.250000  -0.000000      1
       38   0.500000   0.250000   0.250000      1
       39   0.500000   0.250000   0.500000      1
       40  -0.500000   0.250000  -0.250000      1
       41  -0.500000  -0.500000   0.000000      1
       42   0.500000   0.500000   0.250000      1
       43  -0.500000  -0.500000  -0.500000      1
       44  -0.500000  -0.500000  -0.250000      1
       45  -0.500000  -0.250000   0.000000      1
       46  -0.500000  -0.250000   0.250000      1
       47  -0.500000  -0.250000  -0.500000      1
       48  -0.500000  -0.250000  -0.250000      1
       49  -0.250000   0.000000  -0.000000      1
       50  -0.250000   0.000000   0.250000      1
       51  -0.250000   0.000000  -0.500000      1
       52  -0.250000   0.000000  -0.250000      1
       53  -0.250000   0.250000  -0.000000      1
       54  -0.250000   0.250000   0.250000      1
       55  -0.250000   0.250000  -0.500000      1
       56  -0.250000   0.250000  -0.250000      1
       57  -0.250000  -0.500000  -0.000000      1
       58  -0.250000  -0.500000   0.250000      1
       59  -0.250000  -0.500000  -0.500000      1
       60  -0.250000  -0.500000  -0.250000      1
       61  -0.250000  -0.250000   0.000000      1
       62  -0.250000  -0.250000   0.250000      1
       63  -0.250000  -0.250000  -0.500000      1
       64  -0.250000  -0.250000  -0.250000      1

 Writing matrix elements into vmtxel
 
 Plasma Frequency :    28.7186259632021       eV
 
 Polarization:   0.000000   0.000000   1.000000
 Sum rule (DFT) :   0.501579399358981     
 Sum rule (GW)  :   0.668068831468113     
 

 Epsilon matrix for q->0 read from eps0mat.h5:
 - Number of q-points: 1
 - Dielectric cutoff (Ry): 10.00
 - q0 vector:   0.000000   0.000000   0.001000

 Epsilon matrix for q/=0 read from epsmat.h5:
 - Number of q-points: 63
 - Number of q-points in the full BZ: 64
 - Dielectric cutoff (Ry): 10.00
 - Number of G-vectors for interpolation of epsinv_00(q+G): 7119
 - Q-points:
      0.000000   0.000000   0.250000
      0.000000   0.000000   0.500000
      0.000000   0.000000   0.750000
      0.000000   0.250000   0.000000
      0.000000   0.250000   0.250000
      0.000000   0.250000   0.500000
      0.000000   0.250000   0.750000
      0.000000   0.500000   0.000000
      0.000000   0.500000   0.250000
      0.000000   0.500000   0.500000
      0.000000   0.500000   0.750000
      0.000000   0.750000   0.000000
      0.000000   0.750000   0.250000
      0.000000   0.750000   0.500000
      0.000000   0.750000   0.750000
      0.250000   0.000000   0.000000
      0.250000   0.000000   0.250000
      0.250000   0.000000   0.500000
      0.250000   0.000000   0.750000
      0.250000   0.250000   0.000000
      0.250000   0.250000   0.250000
      0.250000   0.250000   0.500000
      0.250000   0.250000   0.750000
      0.250000   0.500000   0.000000
      0.250000   0.500000   0.250000
      0.250000   0.500000   0.500000
      0.250000   0.500000   0.750000
      0.250000   0.750000   0.000000
      0.250000   0.750000   0.250000
      0.250000   0.750000   0.500000
      0.250000   0.750000   0.750000
      0.500000   0.000000   0.000000
      0.500000   0.000000   0.250000
      0.500000   0.000000   0.500000
      0.500000   0.000000   0.750000
      0.500000   0.250000   0.000000
      0.500000   0.250000   0.250000
      0.500000   0.250000   0.500000
      0.500000   0.250000   0.750000
      0.500000   0.500000   0.000000
      0.500000   0.500000   0.250000
      0.500000   0.500000   0.500000
      0.500000   0.500000   0.750000
      0.500000   0.750000   0.000000
      0.500000   0.750000   0.250000
      0.500000   0.750000   0.500000
      0.500000   0.750000   0.750000
      0.750000   0.000000   0.000000
      0.750000   0.000000   0.250000
      0.750000   0.000000   0.500000
      0.750000   0.000000   0.750000
      0.750000   0.250000   0.000000
      0.750000   0.250000   0.250000
      0.750000   0.250000   0.500000
      0.750000   0.250000   0.750000
      0.750000   0.500000   0.000000
      0.750000   0.500000   0.250000
      0.750000   0.500000   0.500000
      0.750000   0.500000   0.750000
      0.750000   0.750000   0.000000
      0.750000   0.750000   0.250000
      0.750000   0.750000   0.500000
      0.750000   0.750000   0.750000
 - Maximum value of imaginary part of epsinv: .000000
 - Dielectric constant: 2.041875
 - Max. |q+G|^2 to interp. epsinv (Ry): 3.02
 - Number of q+G points to interp. epsinv: 609

 Assembling spin-singlet kernel.
 Calculating Coulomb potential v(q) for 64 q-points.

  Point   kpt dq  = kg%f(:,ik)-kg%f(:,1)    |dq|^2    index
  -----   --- -------------------------- ------------ -----
  ~NEW~     1  0.00000  0.00000  0.00000  0.000000000     1
  ~NEW~     2  0.00000  0.00000  0.25000  0.125814815     2
  ~NEW~     3  0.00000  0.00000 -0.50000  0.503259261     3
   old      4  0.00000  0.00000 -0.25000  0.125814815     2
   old      5  0.00000  0.25000  0.00000  0.125814815     2
  ~NEW~     6  0.00000  0.25000  0.25000  0.167753087     4
  ~NEW~     7  0.00000  0.25000  0.50000  0.461320989     5
  ~NEW~     8  0.00000  0.25000 -0.25000  0.335506174     6
   old      9  0.00000 -0.50000  0.00000  0.503259261     3
   old     10  0.00000  0.50000  0.25000  0.461320989     5
  ~NEW~    11  0.00000 -0.50000 -0.50000  0.671012348     7
   old     12  0.00000 -0.50000 -0.25000  0.461320989     5
   old     13  0.00000 -0.25000  0.00000  0.125814815     2
   old     14  0.00000 -0.25000  0.25000  0.335506174     6
   old     15  0.00000 -0.25000 -0.50000  0.461320989     5
   old     16  0.00000 -0.25000 -0.25000  0.167753087     4
   old     17  0.25000  0.00000  0.00000  0.125814815     2
   old     18  0.25000  0.00000  0.25000  0.167753087     4
   old     19  0.25000  0.00000  0.50000  0.461320989     5
   old     20  0.25000  0.00000 -0.25000  0.335506174     6
   old     21  0.25000  0.25000  0.00000  0.167753087     4
   old     22  0.25000  0.25000  0.25000  0.125814815     2
   old     23  0.25000  0.25000  0.50000  0.335506174     6
   old     24  0.25000  0.25000 -0.25000  0.461320989     5
   old     25  0.25000  0.50000  0.00000  0.461320989     5
   old     26  0.25000  0.50000  0.25000  0.335506174     6
   old     27  0.25000  0.50000  0.50000  0.461320989     5
  ~NEW~    28  0.25000 -0.50000 -0.25000  0.838765435     8
   old     29  0.25000 -0.25000  0.00000  0.335506174     6
   old     30  0.25000 -0.25000  0.25000  0.461320989     5
   old     31  0.25000 -0.25000 -0.50000  0.838765435     8
   old     32  0.25000 -0.25000 -0.25000  0.461320989     5
   old     33 -0.50000  0.00000  0.00000  0.503259261     3
   old     34  0.50000  0.00000  0.25000  0.461320989     5
   old     35 -0.50000  0.00000 -0.50000  0.671012348     7
   old     36 -0.50000  0.00000 -0.25000  0.461320989     5
   old     37  0.50000  0.25000  0.00000  0.461320989     5
   old     38  0.50000  0.25000  0.25000  0.335506174     6
   old     39  0.50000  0.25000  0.50000  0.461320989     5
   old     40 -0.50000  0.25000 -0.25000  0.838765435     8
   old     41 -0.50000 -0.50000  0.00000  0.671012348     7
   old     42  0.50000  0.50000  0.25000  0.461320989     5
   old     43 -0.50000 -0.50000 -0.50000  0.503259261     3
   old     44 -0.50000 -0.50000 -0.25000  0.461320989     5
   old     45 -0.50000 -0.25000  0.00000  0.461320989     5
   old     46 -0.50000 -0.25000  0.25000  0.838765435     8
   old     47 -0.50000 -0.25000 -0.50000  0.461320989     5
   old     48 -0.50000 -0.25000 -0.25000  0.335506174     6
   old     49 -0.25000  0.00000  0.00000  0.125814815     2
   old     50 -0.25000  0.00000  0.25000  0.335506174     6
   old     51 -0.25000  0.00000 -0.50000  0.461320989     5
   old     52 -0.25000  0.00000 -0.25000  0.167753087     4
   old     53 -0.25000  0.25000  0.00000  0.335506174     6
   old     54 -0.25000  0.25000  0.25000  0.461320989     5
   old     55 -0.25000  0.25000 -0.50000  0.838765435     8
   old     56 -0.25000  0.25000 -0.25000  0.461320989     5
   old     57 -0.25000 -0.50000  0.00000  0.461320989     5
   old     58 -0.25000 -0.50000  0.25000  0.838765435     8
   old     59 -0.25000 -0.50000 -0.50000  0.461320989     5
   old     60 -0.25000 -0.50000 -0.25000  0.335506174     6
   old     61 -0.25000 -0.25000  0.00000  0.167753087     4
   old     62 -0.25000 -0.25000  0.25000  0.461320989     5
   old     63 -0.25000 -0.25000 -0.50000  0.335506174     6
   old     64 -0.25000 -0.25000 -0.25000  0.125814815     2

 Finished calculating Vcoul with 8 unique points
 Performing kernel interpolation.
 
 Started interpolating BSE kernel with 8 block(s) at 22:19:39.
 [ 22:19:39 |   0% ] block 1 / 8.
 [ 22:19:39 |  13% ] block 2 / 8.
 [ 22:19:39 |  25% ] block 3 / 8, remaining: 1 s.
 [ 22:19:39 |  38% ] block 4 / 8, remaining: 0 s.
 [ 22:19:39 |  50% ] block 5 / 8, remaining: 0 s.
 [ 22:19:39 |  63% ] block 6 / 8, remaining: 0 s.
 [ 22:19:39 |  75% ] block 7 / 8, remaining: 0 s.
 [ 22:19:39 |  88% ] block 8 / 8, remaining: 0 s.
 Finished interpolating BSE kernel at 22:19:39.
 Elapsed time: 1 s.
 

 BLACS processor grid: 7 x 8; BLOCKSIZE = 32
 Number of idle processors: 0

 WARNING elpa_setup: MPI threading level MPI_THREAD_SERALIZED or MPI_THREAD_MULT
 IPLE required but your implementation does not support this! The number of Open
 MP threads within ELPA will be limited to 1
 WARNING elpa_setup: MPI threading level MPI_THREAD_SERALIZED or MPI_THREAD_MULT
 IPLE required but your implementation does not support this! The number of Open
 MP threads within ELPA will be limited to 1
 WARNING elpa_setup: MPI threading level MPI_THREAD_SERALIZED or MPI_THREAD_MULT
 IPLE required but your implementation does not support this! The number of Open
 MP threads within ELPA will be limited to 1
 WARNING elpa_setup: MPI threading level MPI_THREAD_SERALIZED or MPI_THREAD_MULT
 IPLE required but your implementation does not support this! The number of Open
 MP threads within ELPA will be limited to 1
 WARNING elpa_setup: MPI threading level MPI_THREAD_SERALIZED or MPI_THREAD_MULT
 IPLE required but your implementation does not support this! The number of Open
 MP threads within ELPA will be limited to 1
 WARNING elpa_setup: MPI threading level MPI_THREAD_SERALIZED or MPI_THREAD_MULT
 IPLE required but your implementation does not support this! The number of Open
 MP threads within ELPA will be limited to 1
 WARNING elpa_setup: MPI threading level MPI_THREAD_SERALIZED or MPI_THREAD_MULT
 IPLE required but your implementation does not support this! The number of Open
 MP threads within ELPA will be limited to 1
 WARNING elpa_setup: MPI threading level MPI_THREAD_SERALIZED or MPI_THREAD_MULT
 IPLE required but your implementation does not support this! The number of Open
 MP threads within ELPA will be limited to 1
 WARNING elpa_setup: MPI threading level MPI_THREAD_SERALIZED or MPI_THREAD_MULT
 IPLE required but your implementation does not support this! The number of Open
 MP threads within ELPA will be limited to 1
 WARNING elpa_setup: MPI threading level MPI_THREAD_SERALIZED or MPI_THREAD_MULT
 IPLE required but your implementation does not support this! The number of Open
 MP threads within ELPA will be limited to 1
 WARNING elpa_setup: MPI threading level MPI_THREAD_SERALIZED or MPI_THREAD_MULT
 IPLE required but your implementation does not support this! The number of Open
 MP threads within ELPA will be limited to 1
 WARNING elpa_setup: MPI threading level MPI_THREAD_SERALIZED or MPI_THREAD_MULT
 IPLE required but your implementation does not support this! The number of Open
 MP threads within ELPA will be limited to 1
 WARNING elpa_setup: MPI threading level MPI_THREAD_SERALIZED or MPI_THREAD_MULT
 IPLE required but your implementation does not support this! The number of Open
 MP threads within ELPA will be limited to 1
 WARNING elpa_setup: MPI threading level MPI_THREAD_SERALIZED or MPI_THREAD_MULT
 IPLE required but your implementation does not support this! The number of Open
 MP threads within ELPA will be limited to 1
 WARNING elpa_setup: MPI threading level MPI_THREAD_SERALIZED or MPI_THREAD_MULT
 IPLE required but your implementation does not support this! The number of Open
 MP threads within ELPA will be limited to 1
 WARNING elpa_setup: MPI threading level MPI_THREAD_SERALIZED or MPI_THREAD_MULT
 IPLE required but your implementation does not support this! The number of Open
 MP threads within ELPA will be limited to 1
 WARNING elpa_setup: MPI threading level MPI_THREAD_SERALIZED or MPI_THREAD_MULT
 IPLE required but your implementation does not support this! The number of Open
 MP threads within ELPA will be limited to 1
 WARNING elpa_setup: MPI threading level MPI_THREAD_SERALIZED or MPI_THREAD_MULT
 IPLE required but your implementation does not support this! The number of Open
 MP threads within ELPA will be limited to 1
 WARNING elpa_setup: MPI threading level MPI_THREAD_SERALIZED or MPI_THREAD_MULT
 IPLE required but your implementation does not support this! The number of Open
 MP threads within ELPA will be limited to 1
 WARNING elpa_setup: MPI threading level MPI_THREAD_SERALIZED or MPI_THREAD_MULT
 IPLE required but your implementation does not support this! The number of Open
 MP threads within ELPA will be limited to 1
 WARNING elpa_setup: MPI threading level MPI_THREAD_SERALIZED or MPI_THREAD_MULT
 IPLE required but your implementation does not support this! The number of Open
 MP threads within ELPA will be limited to 1
 WARNING elpa_setup: MPI threading level MPI_THREAD_SERALIZED or MPI_THREAD_MULT
 IPLE required but your implementation does not support this! The number of Open
 MP threads within ELPA will be limited to 1
 WARNING elpa_setup: MPI threading level MPI_THREAD_SERALIZED or MPI_THREAD_MULT
 IPLE required but your implementation does not support this! The number of Open
 MP threads within ELPA will be limited to 1
 WARNING elpa_setup: MPI threading level MPI_THREAD_SERALIZED or MPI_THREAD_MULT
 IPLE required but your implementation does not support this! The number of Open
 MP threads within ELPA will be limited to 1
 WARNING elpa_setup: MPI threading level MPI_THREAD_SERALIZED or MPI_THREAD_MULT
 IPLE required but your implementation does not support this! The number of Open
 MP threads within ELPA will be limited to 1
 WARNING elpa_setup: MPI threading level MPI_THREAD_SERALIZED or MPI_THREAD_MULT
 IPLE required but your implementation does not support this! The number of Open
 MP threads within ELPA will be limited to 1
 WARNING elpa_setup: MPI threading level MPI_THREAD_SERALIZED or MPI_THREAD_MULT
 IPLE required but your implementation does not support this! The number of Open
 MP threads within ELPA will be limited to 1
 WARNING elpa_setup: MPI threading level MPI_THREAD_SERALIZED or MPI_THREAD_MULT
 IPLE required but your implementation does not support this! The number of Open
 MP threads within ELPA will be limited to 1
 WARNING elpa_setup: MPI threading level MPI_THREAD_SERALIZED or MPI_THREAD_MULT
 IPLE required but your implementation does not support this! The number of Open
 MP threads within ELPA will be limited to 1
 WARNING elpa_setup: MPI threading level MPI_THREAD_SERALIZED or MPI_THREAD_MULT
 IPLE required but your implementation does not support this! The number of Open
 MP threads within ELPA will be limited to 1
 WARNING elpa_setup: MPI threading level MPI_THREAD_SERALIZED or MPI_THREAD_MULT
 IPLE required but your implementation does not support this! The number of Open
 MP threads within ELPA will be limited to 1
 WARNING elpa_setup: MPI threading level MPI_THREAD_SERALIZED or MPI_THREAD_MULT
 IPLE required but your implementation does not support this! The number of Open
 MP threads within ELPA will be limited to 1
 WARNING elpa_setup: MPI threading level MPI_THREAD_SERALIZED or MPI_THREAD_MULT
 IPLE required but your implementation does not support this! The number of Open
 MP threads within ELPA will be limited to 1
 WARNING elpa_setup: MPI threading level MPI_THREAD_SERALIZED or MPI_THREAD_MULT
 IPLE required but your implementation does not support this! The number of Open
 MP threads within ELPA will be limited to 1
 WARNING elpa_setup: MPI threading level MPI_THREAD_SERALIZED or MPI_THREAD_MULT
 IPLE required but your implementation does not support this! The number of Open
 MP threads within ELPA will be limited to 1
 WARNING elpa_setup: MPI threading level MPI_THREAD_SERALIZED or MPI_THREAD_MULT
 IPLE required but your implementation does not support this! The number of Open
 MP threads within ELPA will be limited to 1
 WARNING elpa_setup: MPI threading level MPI_THREAD_SERALIZED or MPI_THREAD_MULT
 IPLE required but your implementation does not support this! The number of Open
 MP threads within ELPA will be limited to 1
 WARNING elpa_setup: MPI threading level MPI_THREAD_SERALIZED or MPI_THREAD_MULT
 IPLE required but your implementation does not support this! The number of Open
 MP threads within ELPA will be limited to 1
 WARNING elpa_setup: MPI threading level MPI_THREAD_SERALIZED or MPI_THREAD_MULT
 IPLE required but your implementation does not support this! The number of Open
 MP threads within ELPA will be limited to 1
 WARNING elpa_setup: MPI threading level MPI_THREAD_SERALIZED or MPI_THREAD_MULT
 IPLE required but your implementation does not support this! The number of Open
 MP threads within ELPA will be limited to 1
 WARNING elpa_setup: MPI threading level MPI_THREAD_SERALIZED or MPI_THREAD_MULT
 IPLE required but your implementation does not support this! The number of Open
 MP threads within ELPA will be limited to 1
 WARNING elpa_setup: MPI threading level MPI_THREAD_SERALIZED or MPI_THREAD_MULT
 IPLE required but your implementation does not support this! The number of Open
 MP threads within ELPA will be limited to 1
 WARNING elpa_setup: MPI threading level MPI_THREAD_SERALIZED or MPI_THREAD_MULT
 IPLE required but your implementation does not support this! The number of Open
 MP threads within ELPA will be limited to 1
 WARNING elpa_setup: MPI threading level MPI_THREAD_SERALIZED or MPI_THREAD_MULT
 IPLE required but your implementation does not support this! The number of Open
 MP threads within ELPA will be limited to 1
 WARNING elpa_setup: MPI threading level MPI_THREAD_SERALIZED or MPI_THREAD_MULT
 IPLE required but your implementation does not support this! The number of Open
 MP threads within ELPA will be limited to 1
 WARNING elpa_setup: MPI threading level MPI_THREAD_SERALIZED or MPI_THREAD_MULT
 IPLE required but your implementation does not support this! The number of Open
 MP threads within ELPA will be limited to 1
 WARNING elpa_setup: MPI threading level MPI_THREAD_SERALIZED or MPI_THREAD_MULT
 IPLE required but your implementation does not support this! The number of Open
 MP threads within ELPA will be limited to 1
 WARNING elpa_setup: MPI threading level MPI_THREAD_SERALIZED or MPI_THREAD_MULT
 IPLE required but your implementation does not support this! The number of Open
 MP threads within ELPA will be limited to 1
 WARNING elpa_setup: MPI threading level MPI_THREAD_SERALIZED or MPI_THREAD_MULT
 IPLE required but your implementation does not support this! The number of Open
 MP threads within ELPA will be limited to 1
 WARNING elpa_setup: MPI threading level MPI_THREAD_SERALIZED or MPI_THREAD_MULT
 IPLE required but your implementation does not support this! The number of Open
 MP threads within ELPA will be limited to 1
 WARNING elpa_setup: MPI threading level MPI_THREAD_SERALIZED or MPI_THREAD_MULT
 IPLE required but your implementation does not support this! The number of Open
 MP threads within ELPA will be limited to 1
 WARNING elpa_setup: MPI threading level MPI_THREAD_SERALIZED or MPI_THREAD_MULT
 IPLE required but your implementation does not support this! The number of Open
 MP threads within ELPA will be limited to 1
 WARNING elpa_setup: MPI threading level MPI_THREAD_SERALIZED or MPI_THREAD_MULT
 IPLE required but your implementation does not support this! The number of Open
 MP threads within ELPA will be limited to 1
 WARNING elpa_setup: MPI threading level MPI_THREAD_SERALIZED or MPI_THREAD_MULT
 IPLE required but your implementation does not support this! The number of Open
 MP threads within ELPA will be limited to 1
 WARNING elpa_setup: MPI threading level MPI_THREAD_SERALIZED or MPI_THREAD_MULT
 IPLE required but your implementation does not support this! The number of Open
 MP threads within ELPA will be limited to 1
 WARNING elpa_setup: MPI threading level MPI_THREAD_SERALIZED or MPI_THREAD_MULT
 IPLE required but your implementation does not support this! The number of Open
 MP threads within ELPA will be limited to 1
 Beginning ELPA diagonalization. Size: 2240
 Done with ELPA diagonalization.
 Sharing eigenvectors
 Diagonalization done

 Plasma Frequency :    28.7186259632021       eV

 Polarization:   0.000000   0.000000   1.000000
 Sum rule (BSE) :   0.532679357252544     

********************************************************************************
*                                                                              *
* Your calculation employed methods and algorithms published in peer-reviewed  *
* papers. Please, cite the following references to give proper credit to their *
*          authors and help support future development of BerkeleyGW.          *
*                                                                              *
********************************************************************************

 J. Deslippe, G. Samsonidze, D. A. Strubbe, M. Jain, M. L. Cohen, and S. G.
 Louie, BerkeleyGW: A Massively Parallel Computer Package for the Calculation
 of the Quasiparticle and Optical Properties of Materials and Nanostructures,
 Computer Physics Communications 183, 1269 (2012).

 M. Rohlfing and S. G. Louie, Electron-Hole Excitations and Optical Spectra
 from First Principles, Phys. Rev. B 62, 4927 (2000).

********************************************************************************

 
 Timing information
 
                                CPU time (s)          WALL time (s)       Number
 Routine                       min        max        min        max     of calls
 -------------------------  ---------  ---------  ---------  ---------  --------
 - Input                         0.02       0.02       0.04       0.04         1
 - Input q                       0.01       0.01       0.01       0.02         1
 - Intwfn                        0.17       0.18       0.26       0.26         1
 - Intkernel                     0.84       1.03       1.04       1.04         1
 - Epsdiag                       0.00       0.04       0.00       0.10         1
 - Eps Comm                      0.00       0.10       0.00       0.10         1
 - Absorp0                       0.00       8.79       0.00       8.83         1
 - Vmtxel                        0.00       0.01       0.01       0.01         1
 - Trans Mtxel                   0.00       0.00       0.00       0.00         1
 - Absorp                        0.00       8.04       0.00       8.07         1
 - Write Eig                     0.04       8.19       0.15       8.23         1
 - Iw Input_co                   0.03       0.03       0.03       0.04         1
 - Iw Interp                     0.05       0.06       0.13       0.13         3
 - Iw Genwf                      0.00       0.00       0.00       0.00        16
 - Iw Gwnwf_Co                   0.02       0.02       0.02       0.03         8
 - Iw Mtxel_t                    0.00       0.00       0.00       0.00        16
 - Iw Write                      0.00       0.00       0.00       0.02         1
 - Iw Reduce                     0.00       0.00       0.00       0.00         1
 - Ik Setup                      0.00       0.00       0.00       0.00         1
 - Ik C-Check                    0.00       0.01       0.02       0.02         1
 - Ik Input                      0.43       0.57       0.55       0.57       256
 - Ik Inteps                     0.00       0.00       0.00       0.00         1
 - Ik Vcoul                      0.30       0.31       0.30       0.31         1
 - Ik Cache                      0.00       0.00       0.00       0.01       512
 - Ik Interp                     0.01       0.02       0.01       0.03       512
 - Ik Sum                        0.00       0.01       0.00       0.01       512
 - Diagonalize                   0.34       0.38       0.46       0.46         1
 - TOTAL                        18.27      18.65      18.90      18.90         1
 
 Job Done
 
