
 BerkeleyGW version 4.0
 BSE/Kernel code, Complex version, run on 03-Jul-2026 at 22:19:19 -0700

                                                                 ..o.          
                                                                .oxxo.         
                                                               .oxxxxo...      
                                                               oxxxxxxo.       
                                                              .oxxxxxxx.       
                                                              .ooooooxxo..     
                                                              .oooooooxo..     
                                                              .oooooxxo...     
                                                       .........oxooo......    
                                                 ............................  
                                             ................................. 
                                          .................................... 
           .          ..oo. ....  .................................oooxxxxxxxo.
     .............oxxxx@ox@@@x@x.....................o...........ooooooooooxx. 
    .o.........oox@x.oo........xxx@@............ooxxxxo..........ooooxxxxxoxo  
    .x........x@xxo...............o@xxo........oxxx@@@xoooooooooooooooxxxo...  
    .o......ox@@o..................oox@o.....ooxxx@xoooxxxxxxxoooooooooooo.... 
    o..ooooo@@xoooo....ooo...........x@o.....ooxxxxo   .oxxxxxxxxxxooooooo.... 
    . .oooo@@@@@@@@@@@@@@@@@@@@@@@@@@@@@@....ooooox.     .oxx@@@@@xxoo........ 
      .ooooxxxxxxxooooooxooooooooooooooxo...oooooxx.        ..ox@xxxoo.........
      .ooooooxxxx@xoooooooooooooxxoooooooooooxxxxx.            .oxxooooooooxxo.
     .oooooxxxxx@@@xxxxxxxxxxxxxxxxxxxxxxxxoxxxxo.                .oxxxxxxxxo. 
   ....oooxxxxx@@@xo..oxxx@@@@@@xxxxoxxoooooooxx.                  .oxxxoo..   
  .....ooxxxx@@xo.       ........    .ooooooooxxo                              
  ..oooxxxx@@@o                       .oooooooxoo.                             
  ....oxooxxxxx.                       .ooo..oooo.                             
  .....o.ooxxxxxo.                     .oooooooxo.                             
 ......ooooxxxxxxo.                     .ooooooxoo..                           
........ooxxxxxxxo..                     .o....oxoo...                         
.......ooooxxxxxxxo.                     ........oooo.                         
.ooooooo..ooxxxxoooo.                    .........ooo...                       
..oxo...ooooxxxoooo..                    .ooo......oooo...                     
  .ooooo....o.                            .oxxxoo....ooo....                   
    .oooooo...                              ...ooooo...ooo..                   
       ...                                     .oo.......                      
                                               ....ooo...                      
                      __              __                                       
 ______              [  |            [  |                 ._____  _          _ 
|_   _ \              | |  _          | |                /  ___ \| |        | |
  | |_) | .---.  _. _.| | / |  .---.  | | .---.  _    _ / /    \_|\ \  /\  / / 
  |  __'./ /__\\[ /`\_| '' <  / /__\\ | |/ /__\\| \  | | |   _____ \ \/  \/ /  
 _| |__| | \__. | |   | |`\ \ | \___. | || \___. \ \/ / \ \.___| |  \  /\  /   
|_______/ \.__./[_]  [__|  \_] \.__./[___]\.__./  \  /   \.____./    \/  \/    
                                                  / /                          
                                                 /_/                           
 --------------------------------------------------------------------------------
 Please cite the main BerkeleyGW paper when using results from this calculation:

 Jack Deslippe, Georgy Samsonidze, David A. Strubbe, Manish Jain, Marvin L.
 Cohen, and Steven G. Louie, "BerkeleyGW: A Massively Parallel Computer Package
 for the Calculation of the Quasiparticle and Optical Properties of Materials
 and Nanostructures," Comput. Phys. Commun. 183, 1269 (2012)

 Aditionally, PLEASE CITE ALL PAPERS REPORTED AT THE END OF THIS CALCULATION.
 --------------------------------------------------------------------------------

 Running MPI version (parallel)
 Running with 56 MPI task(s)
 Using OpenMP. Number of threads per MPI task: 1

 Compilation flags:
 - Compiler: INTEL
 - Para. flags: MPI, OMP
 - Math  flags: USESCALAPACK, USEFFTW3, HDF5
 - Debug flags: 

 Calculating the kernel only for (v,c)->(v',c') transitions.
 
 Running with verbosity level 3 (high).

 We are doing a calculation with zero exciton momentum


 Running with semiconductor screening

 We are communicating via MPI

 We will not reuse wavefunction FFTs.
 We are using no truncation
 Highest occupied band (coarse grid) = 5
 Valence max    (coarse grid) = .314150 eV
 Conduction min (coarse grid) = 8.972791 eV
 Middle energy  (coarse grid) = 4.643470 eV
 Fermi  energy  (coarse grid) = 4.643470 eV

 Using symmetries to expand the coarse grid sampling

      i              k-point               indr  itran   kg0
 ------ -------------------------------- ------ ------ --------
      1   0.000000   0.000000   0.000000      1      1  0  0  0
      2  -0.000000  -0.000000   0.250000      2      1  0  0  0
      3  -0.000000  -0.000000  -0.500000      3      1  0  0 -1
      4  -0.000000  -0.000000  -0.250000      4      1  0  0 -1
      5   0.000000   0.250000   0.000000      5      1  0  0  0
      6   0.000000   0.250000   0.250000      6      1  0  0  0
      7  -0.000000   0.250000   0.500000      7      1  0  0  0
      8  -0.000000   0.250000  -0.250000      8      1  0  0 -1
      9   0.000000  -0.500000   0.000000      9      1  0 -1  0
     10   0.000000   0.500000   0.250000     10      1  0  0  0
     11   0.000000  -0.500000  -0.500000     11      1  0 -1 -1
     12  -0.000000  -0.500000  -0.250000     12      1  0 -1 -1
     13   0.000000  -0.250000   0.000000     13      1  0 -1  0
     14   0.000000  -0.250000   0.250000     14      1  0 -1  0
     15   0.000000  -0.250000  -0.500000     15      1  0 -1 -1
     16   0.000000  -0.250000  -0.250000     16      1  0 -1 -1
     17   0.250000   0.000000  -0.000000     17      1  0  0  0
     18   0.250000   0.000000   0.250000     18      1  0  0  0
     19   0.250000  -0.000000   0.500000     19      1  0  0  0
     20   0.250000  -0.000000  -0.250000     20      1  0  0 -1
     21   0.250000   0.250000   0.000000     21      1  0  0  0
     22   0.250000   0.250000   0.250000     22      1  0  0  0
     23   0.250000   0.250000   0.500000     23      1  0  0  0
     24   0.250000   0.250000  -0.250000     24      1  0  0 -1
     25   0.250000   0.500000   0.000000     25      1  0  0  0
     26   0.250000   0.500000   0.250000     26      1  0  0  0
     27   0.250000   0.500000   0.500000     27      1  0  0  0
     28   0.250000  -0.500000  -0.250000     28      1  0 -1 -1
     29   0.250000  -0.250000   0.000000     29      1  0 -1  0
     30   0.250000  -0.250000   0.250000     30      1  0 -1  0
     31   0.250000  -0.250000  -0.500000     31      1  0 -1 -1
     32   0.250000  -0.250000  -0.250000     32      1  0 -1 -1
     33  -0.500000   0.000000  -0.000000     33      1 -1  0  0
     34   0.500000   0.000000   0.250000     34      1  0  0  0
     35  -0.500000   0.000000  -0.500000     35      1 -1  0 -1
     36  -0.500000  -0.000000  -0.250000     36      1 -1  0 -1
     37   0.500000   0.250000  -0.000000     37      1  0  0  0
     38   0.500000   0.250000   0.250000     38      1  0  0  0
     39   0.500000   0.250000   0.500000     39      1  0  0  0
     40  -0.500000   0.250000  -0.250000     40      1 -1  0 -1
     41  -0.500000  -0.500000   0.000000     41      1 -1 -1  0
     42   0.500000   0.500000   0.250000     42      1  0  0  0
     43  -0.500000  -0.500000  -0.500000     43      1 -1 -1 -1
     44  -0.500000  -0.500000  -0.250000     44      1 -1 -1 -1
     45  -0.500000  -0.250000   0.000000     45      1 -1 -1  0
     46  -0.500000  -0.250000   0.250000     46      1 -1 -1  0
     47  -0.500000  -0.250000  -0.500000     47      1 -1 -1 -1
     48  -0.500000  -0.250000  -0.250000     48      1 -1 -1 -1
     49  -0.250000   0.000000  -0.000000     49      1 -1  0  0
     50  -0.250000   0.000000   0.250000     50      1 -1  0  0
     51  -0.250000   0.000000  -0.500000     51      1 -1  0 -1
     52  -0.250000   0.000000  -0.250000     52      1 -1  0 -1
     53  -0.250000   0.250000  -0.000000     53      1 -1  0  0
     54  -0.250000   0.250000   0.250000     54      1 -1  0  0
     55  -0.250000   0.250000  -0.500000     55      1 -1  0 -1
     56  -0.250000   0.250000  -0.250000     56      1 -1  0 -1
     57  -0.250000  -0.500000  -0.000000     57      1 -1 -1  0
     58  -0.250000  -0.500000   0.250000     58      1 -1 -1  0
     59  -0.250000  -0.500000  -0.500000     59      1 -1 -1 -1
     60  -0.250000  -0.500000  -0.250000     60      1 -1 -1 -1
     61  -0.250000  -0.250000   0.000000     61      1 -1 -1  0
     62  -0.250000  -0.250000   0.250000     62      1 -1 -1  0
     63  -0.250000  -0.250000  -0.500000     63      1 -1 -1 -1
     64  -0.250000  -0.250000  -0.250000     64      1 -1 -1 -1

 Parallelization strategy: (k)^2
 - Breaking transitions into (v,c)^2 blocks
 - Distributing each block with (k)^2 transitions to blocks of processors
 Parallelizing calculation with blocks and pools:
 - Number of transitions per block: 4096
 - Number of MPI ranks per block: 56
 - Number of transitions per MPI rank: 80

 NOTE: We are not running with an ideal balance. Number of parallelized blocks
 nck=4096, not a multiple of the number of PEs=56

 Memory available: 18335.4 MB per PE
 Memory required for execution: 13.0 MB per PE
 Extra memory required for vcoul: .0 MB per PE

       98000  elements per PE
         216  wavefunctions stored per PE
         896  G-vectors per wavefunction

 
 Started reading wavefunctions (WFN_co) with 768 state(s) at 22:19:19.
 [ 22:19:19 |   0% ] state   1 / 768.
 [ 22:19:19 |   0% ] state   3 / 768, remaining: 1 s.
 [ 22:19:19 |  10% ] state  77 / 768, remaining: 0 s.
 [ 22:19:19 |  20% ] state 154 / 768, remaining: 0 s.
 [ 22:19:19 |  30% ] state 231 / 768, remaining: 0 s.
 [ 22:19:19 |  40% ] state 308 / 768, remaining: 0 s.
 [ 22:19:19 |  50% ] state 384 / 768, remaining: 0 s.
 [ 22:19:19 |  60% ] state 461 / 768, remaining: 0 s.
 [ 22:19:19 |  70% ] state 538 / 768, remaining: 0 s.
 [ 22:19:19 |  80% ] state 615 / 768, remaining: 0 s.
 [ 22:19:19 |  90% ] state 692 / 768, remaining: 0 s.
 [ 22:19:19 | 100% ] state 768 / 768, remaining: 0 s.
 Finished reading wavefunctions (WFN_co) at 22:19:19.
 Elapsed time: 0 s.
 

 Crystal wavefunctions read from file WFN_co:
 - Number of k-points in WFN_co: 64
 - Number of k-points in the full BZ of WFN_co: 64
 - K-points:
     0.000000   0.000000   0.000000
    -0.000000  -0.000000   0.250000
    -0.000000  -0.000000   0.500000
    -0.000000  -0.000000   0.750000
     0.000000   0.250000   0.000000
     0.000000   0.250000   0.250000
    -0.000000   0.250000   0.500000
    -0.000000   0.250000   0.750000
     0.000000   0.500000   0.000000
     0.000000   0.500000   0.250000
     0.000000   0.500000   0.500000
    -0.000000   0.500000   0.750000
     0.000000   0.750000   0.000000
     0.000000   0.750000   0.250000
     0.000000   0.750000   0.500000
     0.000000   0.750000   0.750000
     0.250000   0.000000  -0.000000
     0.250000   0.000000   0.250000
     0.250000  -0.000000   0.500000
     0.250000  -0.000000   0.750000
     0.250000   0.250000   0.000000
     0.250000   0.250000   0.250000
     0.250000   0.250000   0.500000
     0.250000   0.250000   0.750000
     0.250000   0.500000   0.000000
     0.250000   0.500000   0.250000
     0.250000   0.500000   0.500000
     0.250000   0.500000   0.750000
     0.250000   0.750000   0.000000
     0.250000   0.750000   0.250000
     0.250000   0.750000   0.500000
     0.250000   0.750000   0.750000
     0.500000   0.000000  -0.000000
     0.500000   0.000000   0.250000
     0.500000   0.000000   0.500000
     0.500000  -0.000000   0.750000
     0.500000   0.250000  -0.000000
     0.500000   0.250000   0.250000
     0.500000   0.250000   0.500000
     0.500000   0.250000   0.750000
     0.500000   0.500000   0.000000
     0.500000   0.500000   0.250000
     0.500000   0.500000   0.500000
     0.500000   0.500000   0.750000
     0.500000   0.750000   0.000000
     0.500000   0.750000   0.250000
     0.500000   0.750000   0.500000
     0.500000   0.750000   0.750000
     0.750000   0.000000  -0.000000
     0.750000   0.000000   0.250000
     0.750000   0.000000   0.500000
     0.750000   0.000000   0.750000
     0.750000   0.250000  -0.000000
     0.750000   0.250000   0.250000
     0.750000   0.250000   0.500000
     0.750000   0.250000   0.750000
     0.750000   0.500000  -0.000000
     0.750000   0.500000   0.250000
     0.750000   0.500000   0.500000
     0.750000   0.500000   0.750000
     0.750000   0.750000   0.000000
     0.750000   0.750000   0.250000
     0.750000   0.750000   0.500000
     0.750000   0.750000   0.750000
 
 GPU acceleration is : DISABLED
 
 Algorithms used:
 - mtxel : CPU_ALGO
 - w_sum : CPU_ALGO
 - g_sum : CPU_ALGO

 Calculation parameters:
 - This is a Bethe-Salpeter-equation calculation.
 - Cutoff of the bare Coulomb interaction (Ry): 60.00
 - Cutoff of the screened Coulomb interaction (Ry): 10.00
 - Number of G-vectors up to the bare int. cutoff: 893
 - Number of G-vectors up to the screened int. cutoff: 59
 - Number of valence bands: 5
 - Number of conduction bands: 7
 - Number of spins: 1
 - Number of spinors: 1
 
 Epsilon matrix for q->0 read from eps0mat.h5:
 - Number of q-points: 1
 - Dielectric cutoff (Ry): 10.00
 - q0 vector:   0.000000   0.000000   0.001000

 Epsilon matrix for q/=0 read from epsmat.h5:
 - Number of q-points: 63
 - Dielectric cutoff (Ry): 10.00
 - Q-points:
     0.000000   0.000000   0.250000
     0.000000   0.000000   0.500000
     0.000000   0.000000   0.750000
     0.000000   0.250000   0.000000
     0.000000   0.250000   0.250000
     0.000000   0.250000   0.500000
     0.000000   0.250000   0.750000
     0.000000   0.500000   0.000000
     0.000000   0.500000   0.250000
     0.000000   0.500000   0.500000
     0.000000   0.500000   0.750000
     0.000000   0.750000   0.000000
     0.000000   0.750000   0.250000
     0.000000   0.750000   0.500000
     0.000000   0.750000   0.750000
     0.250000   0.000000   0.000000
     0.250000   0.000000   0.250000
     0.250000   0.000000   0.500000
     0.250000   0.000000   0.750000
     0.250000   0.250000   0.000000
     0.250000   0.250000   0.250000
     0.250000   0.250000   0.500000
     0.250000   0.250000   0.750000
     0.250000   0.500000   0.000000
     0.250000   0.500000   0.250000
     0.250000   0.500000   0.500000
     0.250000   0.500000   0.750000
     0.250000   0.750000   0.000000
     0.250000   0.750000   0.250000
     0.250000   0.750000   0.500000
     0.250000   0.750000   0.750000
     0.500000   0.000000   0.000000
     0.500000   0.000000   0.250000
     0.500000   0.000000   0.500000
     0.500000   0.000000   0.750000
     0.500000   0.250000   0.000000
     0.500000   0.250000   0.250000
     0.500000   0.250000   0.500000
     0.500000   0.250000   0.750000
     0.500000   0.500000   0.000000
     0.500000   0.500000   0.250000
     0.500000   0.500000   0.500000
     0.500000   0.500000   0.750000
     0.500000   0.750000   0.000000
     0.500000   0.750000   0.250000
     0.500000   0.750000   0.500000
     0.500000   0.750000   0.750000
     0.750000   0.000000   0.000000
     0.750000   0.000000   0.250000
     0.750000   0.000000   0.500000
     0.750000   0.000000   0.750000
     0.750000   0.250000   0.000000
     0.750000   0.250000   0.250000
     0.750000   0.250000   0.500000
     0.750000   0.250000   0.750000
     0.750000   0.500000   0.000000
     0.750000   0.500000   0.250000
     0.750000   0.500000   0.500000
     0.750000   0.500000   0.750000
     0.750000   0.750000   0.000000
     0.750000   0.750000   0.250000
     0.750000   0.750000   0.500000
     0.750000   0.750000   0.750000
 - Unfolded q-points:
     0.000000   0.000000   0.000000
     0.000000   0.000000   0.250000
     0.000000   0.000000   0.500000
     0.000000   0.000000  -0.250000
     0.000000   0.250000   0.000000
     0.000000   0.250000   0.250000
     0.000000   0.250000   0.500000
     0.000000   0.250000  -0.250000
     0.000000   0.500000   0.000000
     0.000000   0.500000   0.250000
     0.000000   0.500000   0.500000
     0.000000  -0.500000  -0.250000
     0.000000  -0.250000   0.000000
     0.000000  -0.250000   0.250000
     0.000000  -0.250000  -0.500000
     0.000000  -0.250000  -0.250000
     0.250000   0.000000   0.000000
     0.250000   0.000000   0.250000
     0.250000   0.000000   0.500000
     0.250000   0.000000  -0.250000
     0.250000   0.250000   0.000000
     0.250000   0.250000   0.250000
     0.250000   0.250000   0.500000
     0.250000   0.250000  -0.250000
     0.250000   0.500000   0.000000
     0.250000   0.500000   0.250000
     0.250000   0.500000   0.500000
     0.250000   0.500000  -0.250000
     0.250000  -0.250000   0.000000
     0.250000  -0.250000   0.250000
     0.250000  -0.250000   0.500000
     0.250000  -0.250000  -0.250000
     0.500000   0.000000   0.000000
     0.500000   0.000000   0.250000
     0.500000   0.000000   0.500000
    -0.500000   0.000000  -0.250000
     0.500000   0.250000   0.000000
     0.500000   0.250000   0.250000
     0.500000   0.250000   0.500000
     0.500000   0.250000  -0.250000
     0.500000   0.500000   0.000000
     0.500000   0.500000   0.250000
     0.500000   0.500000   0.500000
    -0.500000  -0.500000  -0.250000
    -0.500000  -0.250000   0.000000
     0.500000   0.750000   0.250000
    -0.500000  -0.250000  -0.500000
    -0.500000  -0.250000  -0.250000
    -0.250000   0.000000   0.000000
    -0.250000   0.000000   0.250000
    -0.250000   0.000000  -0.500000
    -0.250000   0.000000  -0.250000
    -0.250000   0.250000   0.000000
    -0.250000   0.250000   0.250000
     0.750000   0.250000   0.500000
    -0.250000   0.250000  -0.250000
    -0.250000  -0.500000   0.000000
     0.750000   0.500000   0.250000
    -0.250000  -0.500000  -0.500000
    -0.250000  -0.500000  -0.250000
    -0.250000  -0.250000   0.000000
    -0.250000  -0.250000   0.250000
    -0.250000  -0.250000  -0.500000
    -0.250000  -0.250000  -0.250000

 Calculating Coulomb potential.
 Note: for G=0: setting q0 =  0.000000  0.000000  0.001000
 
 Started calculation of matrix elements with 80 blocked transition(s) at 22:19:21.
 [ 22:19:21 |   0% ] blocked transition  1 / 80.
 [ 22:19:21 |   3% ] blocked transition  3 / 80, remaining: 6 s.
 [ 22:19:22 |   9% ] blocked transition  8 / 80, remaining: 5 s.
 [ 22:19:22 |  19% ] blocked transition 16 / 80, remaining: 5 s.
 [ 22:19:23 |  29% ] blocked transition 24 / 80, remaining: 4 s.
 [ 22:19:23 |  39% ] blocked transition 32 / 80, remaining: 4 s.
 [ 22:19:24 |  49% ] blocked transition 40 / 80, remaining: 3 s.
 [ 22:19:25 |  59% ] blocked transition 48 / 80, remaining: 2 s.
 [ 22:19:25 |  69% ] blocked transition 56 / 80, remaining: 2 s.
 [ 22:19:26 |  79% ] blocked transition 64 / 80, remaining: 1 s.
 [ 22:19:26 |  89% ] blocked transition 72 / 80, remaining: 1 s.
 [ 22:19:27 |  99% ] blocked transition 80 / 80, remaining: 0 s.
 Finished calculation of matrix elements at 22:19:27.
 Elapsed time: 6 s.
 
 Expected size of the BSE matrices:
   bsemat.h5: 308.441 MB
 
 
 Frobenius norm of the matrices per spin:
 - Head :  2.824496913070E+0002
 - Wing :  2.945557840625E+0001
 - Body :  2.341287592058E+0002
 - X    :  1.771975756136E+0002
 

********************************************************************************
*                                                                              *
* Your calculation employed methods and algorithms published in peer-reviewed  *
* papers. Please, cite the following references to give proper credit to their *
*          authors and help support future development of BerkeleyGW.          *
*                                                                              *
********************************************************************************

 J. Deslippe, G. Samsonidze, D. A. Strubbe, M. Jain, M. L. Cohen, and S. G.
 Louie, BerkeleyGW: A Massively Parallel Computer Package for the Calculation
 of the Quasiparticle and Optical Properties of Materials and Nanostructures,
 Computer Physics Communications 183, 1269 (2012).

 M. Rohlfing and S. G. Louie, Electron-Hole Excitations and Optical Spectra
 from First Principles, Phys. Rev. B 62, 4927 (2000).

********************************************************************************

 
                             CPU (s)        WALL (s)          #
 
 INPUT:          (min.)        0.051           0.058          1
                 (PE 0)        0.051           0.058
                 (max.)        0.056           0.058
 EPSCOPY:        (min.)        0.558           1.998          1
                 (PE 0)        0.558           1.999
                 (max.)        0.827           1.999
 GENWF:          (min.)        0.050           0.053         80
                 (PE 0)        0.120           0.122
                 (max.)        0.135           0.142
 EXCWF:          (min.)        0.000           0.000          0
                 (PE 0)        0.000           0.000
                 (max.)        0.000           0.000
 MTXEL:          (min.)        5.592           5.601         80
                 (PE 0)        5.600           5.618
                 (max.)        5.659           5.672
 FULLBZ:         (min.)        0.000           0.000          2
                 (PE 0)        0.000           0.000
                 (max.)        0.000           0.001
 BSEWRITE:       (min.)        0.382           0.684          1
                 (PE 0)        0.408           0.685
                 (max.)        0.622           0.685
 MTXEL Setup:    (min.)        0.088           0.087        160
                 (PE 0)        0.238           0.237
                 (max.)        0.354           0.356
 MTXEL Vcoul:    (min.)        0.000           0.000        160
                 (PE 0)        0.001           0.002
                 (max.)        0.001           0.003
 MTXEL W:        (min.)        0.030           0.025       4902
                 (PE 0)        0.069           0.068
                 (max.)        0.071           0.077
 MTXEL W-Sum:    (min.)        0.036           0.036       4982
                 (PE 0)        0.105           0.110
                 (max.)        0.106           0.110
 MTXEL FFT Dir:  (min.)        0.598           0.601         80
                 (PE 0)        1.490           1.501
                 (max.)        1.497           1.507
 MTXEL High G:   (min.)        0.002           0.003         80
                 (PE 0)        0.006           0.005
                 (max.)        0.006           0.007
 MTXEL FFT X:    (min.)        0.555           0.553         80
                 (PE 0)        1.385           1.385
                 (max.)        1.391           1.393
 MTXEL BSEX:     (min.)        0.007           0.005         80
                 (PE 0)        0.018           0.019
                 (max.)        0.018           0.024
 MTXEL INDEX:    (min.)        0.001           0.000         80
                 (PE 0)        0.004           0.002
                 (max.)        0.004           0.004
 MTXEL EPSHEAD:  (min.)        0.000           0.000         80
                 (PE 0)        0.001           0.000
                 (max.)        0.001           0.002
 MTXEL EPSREAD:  (min.)        0.035           0.026       5600
                 (PE 0)        0.081           0.083
                 (max.)        0.084           0.089
 MTXEL EPSOPEN:  (min.)        0.000           0.000          0
                 (PE 0)        0.000           0.000
                 (max.)        0.000           0.000
 MTXEL G SUM:    (min.)        0.014           0.017         80
                 (PE 0)        0.035           0.043
                 (max.)        0.036           0.043
 MTXEL COMM:     (min.)        1.928           1.969       4480
                 (PE 0)        1.937           1.978
                 (max.)        3.059           3.096
 BSEWRITE COMM:  (min.)        0.003           0.019          1
                 (PE 0)        0.003           0.019
                 (max.)        0.021           0.021
 BSEWRITE I/O:   (min.)        0.361           0.663          1
                 (PE 0)        0.402           0.663
                 (max.)        0.601           0.663
 MTXEL FFT CC:   (min.)        0.394           0.396         80
                 (PE 0)        0.980           0.986
                 (max.)        0.985           0.994
 MTXEL FFT VV:   (min.)        0.203           0.203         80
                 (PE 0)        0.507           0.514
                 (max.)        0.511           0.522
 MTXEL FIND:     (min.)        0.001           0.000         80
                 (PE 0)        0.002           0.002
                 (max.)        0.002           0.006
 MTXEL ALLOC:    (min.)        0.000           0.000         80
                 (PE 0)        0.001           0.000
                 (max.)        0.001           0.002
 MTXEL FFTBOX:   (min.)        0.000           0.000         80
                 (PE 0)        0.001           0.000
                 (max.)        0.001           0.002
 MTXEL FFT VC:   (min.)        0.555           0.553         80
                 (PE 0)        1.385           1.384
                 (max.)        1.391           1.393
 
 TOTAL:          (min.)        6.745           8.513
                 (PE 0)        6.745           8.514
                 (max.)        7.224           8.514
 
