Ignoring PCI device with non-16bit domain
[hmnode006.cluster:mpi_rank_0][MPID_Init] [Performance Suggestion]: Application has requested for multi-thread capability. If allocating memory from different pthreads/OpenMP threads, please consider setting MV2_USE_ALIGNED_ALLOC=1 for improved performance.
Use MV2_USE_THREAD_WARNING=0 to suppress this error message.

     Program PHONON v.7.5 starts on  3Jul2026 at 22:14:38 

     This program is part of the open-source Quantum ESPRESSO suite
     for quantum simulation of materials; please cite
         "P. Giannozzi et al., J. Phys.:Condens. Matter 21 395502 (2009);
         "P. Giannozzi et al., J. Phys.:Condens. Matter 29 465901 (2017);
         "P. Giannozzi et al., J. Chem. Phys. 152 154105 (2020);
          URL http://www.quantum-espresso.org", 
     in publications or presentations arising from this work. More details at
     http://www.quantum-espresso.org/quote

     Parallel version (MPI & OpenMP), running on      56 processor cores
     Number of MPI processes:                56
     Threads/MPI process:                     1

     MPI processes distributed on     1 nodes
     917320 MiB available memory on the printing compute node when the environment starts
 
     Waiting for input...
     Reading input from standard input

     Reading xml data from directory:

     ./LiF.save/
 
     K-points division:     npool     =       7
     R & G space division:  proc/nbgrp/npool/nimage =       8
     Subspace diagonalization in iterative solution of the eigenvalue problem:
     a serial algorithm will be used


     IMPORTANT: XC functional enforced from input :
     Exchange-correlation= PW
                           (   1   4   0   0   0   0   0)
     Any further DFT definition will be discarded
     Please, verify this is what you really want

 
     Parallelization info
     --------------------
     sticks:   dense  smooth     PW     G-vecs:    dense   smooth      PW
     Min          61      61     20                  889      889     175
     Max          63      63     21                  891      891     178
     Sum         499     499    163                 7119     7119    1411
 
     Using Slab Decomposition
 

     Check: negative core charge=   -0.000008
     Reading collected, re-writing distributed wavefunctions in ./

     Number and degeneracy of irreps per q-point
       N         xq(1)         xq(2)         xq(3)   N irreps
       1   0.000000000   0.000000000   0.000000000       6
     No degeneracy

     Saving dvscf to file. Distribute only q points, not irreducible representations.

     Calculation of q =    0.0000000   0.0000000   0.0000000

     phonon_calc                                                                

     bravais-lattice index     =            0
     lattice parameter (alat)  =       5.4237  a.u.
     unit-cell volume          =     112.8194 (a.u.)^3
     number of atoms/cell      =            2
     number of atomic types    =            2
     kinetic-energy cut-off    =      60.0000  Ry
     charge density cut-off    =     240.0000  Ry
     convergence threshold     =      1.0E-18
     beta                      =       0.7000
     number of iterations used =            4
     Exchange-correlation= PW
                           (   1   4   0   0   0   0   0)


     celldm(1)=    5.42375  celldm(2)=    0.00000  celldm(3)=    0.00000
     celldm(4)=    0.00000  celldm(5)=    0.00000  celldm(6)=    0.00000

     crystal axes: (cart. coord. in units of alat)
               a(1) = ( -0.7071  0.0000  0.7071 )  
               a(2) = (  0.0000  0.7071  0.7071 )  
               a(3) = ( -0.7071  0.7071  0.0000 )  

     reciprocal axes: (cart. coord. in units 2 pi/alat)
               b(1) = ( -0.7071 -0.7071  0.7071 )  
               b(2) = (  0.7071  0.7071  0.7071 )  
               b(3) = ( -0.7071  0.7071 -0.7071 )  


     Atoms inside the unit cell: 

     Cartesian axes

     site n.  atom      mass           positions (alat units)
        1  Li      6.9410   tau(    1) = (    0.00000    0.00000    0.00000  )
        2  F      18.9984   tau(    2) = (   -0.70711    0.70711    0.70711  )

     Computing dynamical matrix for 
                    q = (   0.0000000   0.0000000   0.0000000 )
 
      2 Sym.Ops. (with q -> -q+G )

                                    s                        frac. trans.

      isym =  1     identity                                     

 cryst.   s( 1) = (     1          0          0      )
                  (     0          1          0      )
                  (     0          0          1      )

 cart.    s( 1) = (  1.0000000  0.0000000 -0.0000000 )
                  (  0.0000000  1.0000000  0.0000000 )
                  (  0.0000000  0.0000000  1.0000000 )


     This transformation sends q -> -q+G

      isym =  2     identity                                     

 cryst.   s( 2) = (     1          0          0      )
                  (     0          1          0      )
                  (     0          0          1      )

 cart.    s( 2) = (  1.0000000  0.0000000 -0.0000000 )
                  (  0.0000000  1.0000000  0.0000000 )
                  (  0.0000000  0.0000000  1.0000000 )


     G cutoff =  178.8343  (    891 G-vectors)     FFT grid: ( 27, 27, 27)

     number of k points=    64  Gaussian smearing, width (Ry)=  0.0010
                       cart. coord. in units 2pi/alat
        k(    1) = (   0.0000000   0.0000000   0.0000000), wk =   0.0312500
        k(    2) = (  -0.1767767   0.1767767  -0.1767767), wk =   0.0312500
        k(    3) = (  -0.3535534   0.3535534  -0.3535534), wk =   0.0312500
        k(    4) = (  -0.5303301   0.5303301  -0.5303301), wk =   0.0312500
        k(    5) = (   0.1767767   0.1767767   0.1767767), wk =   0.0312500
        k(    6) = (   0.0000000   0.3535534   0.0000000), wk =   0.0312500
        k(    7) = (  -0.1767767   0.5303301  -0.1767767), wk =   0.0312500
        k(    8) = (  -0.3535534   0.7071068  -0.3535534), wk =   0.0312500
        k(    9) = (   0.3535534   0.3535534   0.3535534), wk =   0.0312500
        k(   10) = (   0.1767767   0.5303301   0.1767767), wk =   0.0312500
        k(   11) = (   0.0000000   0.7071068   0.0000000), wk =   0.0312500
        k(   12) = (  -0.1767767   0.8838835  -0.1767767), wk =   0.0312500
        k(   13) = (   0.5303301   0.5303301   0.5303301), wk =   0.0312500
        k(   14) = (   0.3535534   0.7071068   0.3535534), wk =   0.0312500
        k(   15) = (   0.1767767   0.8838835   0.1767767), wk =   0.0312500
        k(   16) = (   0.0000000   1.0606602   0.0000000), wk =   0.0312500
        k(   17) = (  -0.1767767  -0.1767767   0.1767767), wk =   0.0312500
        k(   18) = (  -0.3535534   0.0000000   0.0000000), wk =   0.0312500
        k(   19) = (  -0.5303301   0.1767767  -0.1767767), wk =   0.0312500
        k(   20) = (  -0.7071068   0.3535534  -0.3535534), wk =   0.0312500
        k(   21) = (   0.0000000   0.0000000   0.3535534), wk =   0.0312500
        k(   22) = (  -0.1767767   0.1767767   0.1767767), wk =   0.0312500
        k(   23) = (  -0.3535534   0.3535534   0.0000000), wk =   0.0312500
        k(   24) = (  -0.5303301   0.5303301  -0.1767767), wk =   0.0312500
        k(   25) = (   0.1767767   0.1767767   0.5303301), wk =   0.0312500
        k(   26) = (   0.0000000   0.3535534   0.3535534), wk =   0.0312500
        k(   27) = (  -0.1767767   0.5303301   0.1767767), wk =   0.0312500
        k(   28) = (  -0.3535534   0.7071068   0.0000000), wk =   0.0312500
        k(   29) = (   0.3535534   0.3535534   0.7071068), wk =   0.0312500
        k(   30) = (   0.1767767   0.5303301   0.5303301), wk =   0.0312500
        k(   31) = (   0.0000000   0.7071068   0.3535534), wk =   0.0312500
        k(   32) = (  -0.1767767   0.8838835   0.1767767), wk =   0.0312500
        k(   33) = (  -0.3535534  -0.3535534   0.3535534), wk =   0.0312500
        k(   34) = (  -0.5303301  -0.1767767   0.1767767), wk =   0.0312500
        k(   35) = (  -0.7071068   0.0000000   0.0000000), wk =   0.0312500
        k(   36) = (  -0.8838835   0.1767767  -0.1767767), wk =   0.0312500
        k(   37) = (  -0.1767767  -0.1767767   0.5303301), wk =   0.0312500
        k(   38) = (  -0.3535534   0.0000000   0.3535534), wk =   0.0312500
        k(   39) = (  -0.5303301   0.1767767   0.1767767), wk =   0.0312500
        k(   40) = (  -0.7071068   0.3535534   0.0000000), wk =   0.0312500
        k(   41) = (   0.0000000   0.0000000   0.7071068), wk =   0.0312500
        k(   42) = (  -0.1767767   0.1767767   0.5303301), wk =   0.0312500
        k(   43) = (  -0.3535534   0.3535534   0.3535534), wk =   0.0312500
        k(   44) = (  -0.5303301   0.5303301   0.1767767), wk =   0.0312500
        k(   45) = (   0.1767767   0.1767767   0.8838835), wk =   0.0312500
        k(   46) = (   0.0000000   0.3535534   0.7071068), wk =   0.0312500
        k(   47) = (  -0.1767767   0.5303301   0.5303301), wk =   0.0312500
        k(   48) = (  -0.3535534   0.7071068   0.3535534), wk =   0.0312500
        k(   49) = (  -0.5303301  -0.5303301   0.5303301), wk =   0.0312500
        k(   50) = (  -0.7071068  -0.3535534   0.3535534), wk =   0.0312500
        k(   51) = (  -0.8838835  -0.1767767   0.1767767), wk =   0.0312500
        k(   52) = (  -1.0606602   0.0000000   0.0000000), wk =   0.0312500
        k(   53) = (  -0.3535534  -0.3535534   0.7071068), wk =   0.0312500
        k(   54) = (  -0.5303301  -0.1767767   0.5303301), wk =   0.0312500
        k(   55) = (  -0.7071068   0.0000000   0.3535534), wk =   0.0312500
        k(   56) = (  -0.8838835   0.1767767   0.1767767), wk =   0.0312500
        k(   57) = (  -0.1767767  -0.1767767   0.8838835), wk =   0.0312500
        k(   58) = (  -0.3535534   0.0000000   0.7071068), wk =   0.0312500
        k(   59) = (  -0.5303301   0.1767767   0.5303301), wk =   0.0312500
        k(   60) = (  -0.7071068   0.3535534   0.3535534), wk =   0.0312500
        k(   61) = (   0.0000000   0.0000000   1.0606602), wk =   0.0312500
        k(   62) = (  -0.1767767   0.1767767   0.8838835), wk =   0.0312500
        k(   63) = (  -0.3535534   0.3535534   0.7071068), wk =   0.0312500
        k(   64) = (  -0.5303301   0.5303301   0.5303301), wk =   0.0312500

                       cryst. coord.
        k(    1) = (   0.0000000   0.0000000   0.0000000), wk =   0.0312500
        k(    2) = (  -0.0000000  -0.0000000   0.2500000), wk =   0.0312500
        k(    3) = (  -0.0000000  -0.0000000   0.5000000), wk =   0.0312500
        k(    4) = (  -0.0000000  -0.0000000   0.7500000), wk =   0.0312500
        k(    5) = (   0.0000000   0.2500000   0.0000000), wk =   0.0312500
        k(    6) = (   0.0000000   0.2500000   0.2500000), wk =   0.0312500
        k(    7) = (  -0.0000000   0.2500000   0.5000000), wk =   0.0312500
        k(    8) = (  -0.0000000   0.2500000   0.7500000), wk =   0.0312500
        k(    9) = (   0.0000000   0.5000000   0.0000000), wk =   0.0312500
        k(   10) = (   0.0000000   0.5000000   0.2500000), wk =   0.0312500
        k(   11) = (   0.0000000   0.5000000   0.5000000), wk =   0.0312500
        k(   12) = (  -0.0000000   0.5000000   0.7500000), wk =   0.0312500
        k(   13) = (   0.0000000   0.7500000   0.0000000), wk =   0.0312500
        k(   14) = (   0.0000000   0.7500000   0.2500000), wk =   0.0312500
        k(   15) = (   0.0000000   0.7500000   0.5000000), wk =   0.0312500
        k(   16) = (   0.0000000   0.7500000   0.7500000), wk =   0.0312500
        k(   17) = (   0.2500000   0.0000000  -0.0000000), wk =   0.0312500
        k(   18) = (   0.2500000   0.0000000   0.2500000), wk =   0.0312500
        k(   19) = (   0.2500000  -0.0000000   0.5000000), wk =   0.0312500
        k(   20) = (   0.2500000  -0.0000000   0.7500000), wk =   0.0312500
        k(   21) = (   0.2500000   0.2500000   0.0000000), wk =   0.0312500
        k(   22) = (   0.2500000   0.2500000   0.2500000), wk =   0.0312500
        k(   23) = (   0.2500000   0.2500000   0.5000000), wk =   0.0312500
        k(   24) = (   0.2500000   0.2500000   0.7500000), wk =   0.0312500
        k(   25) = (   0.2500000   0.5000000   0.0000000), wk =   0.0312500
        k(   26) = (   0.2500000   0.5000000   0.2500000), wk =   0.0312500
        k(   27) = (   0.2500000   0.5000000   0.5000000), wk =   0.0312500
        k(   28) = (   0.2500000   0.5000000   0.7500000), wk =   0.0312500
        k(   29) = (   0.2500000   0.7500000   0.0000000), wk =   0.0312500
        k(   30) = (   0.2500000   0.7500000   0.2500000), wk =   0.0312500
        k(   31) = (   0.2500000   0.7500000   0.5000000), wk =   0.0312500
        k(   32) = (   0.2500000   0.7500000   0.7500000), wk =   0.0312500
        k(   33) = (   0.5000000   0.0000000  -0.0000000), wk =   0.0312500
        k(   34) = (   0.5000000   0.0000000   0.2500000), wk =   0.0312500
        k(   35) = (   0.5000000   0.0000000   0.5000000), wk =   0.0312500
        k(   36) = (   0.5000000  -0.0000000   0.7500000), wk =   0.0312500
        k(   37) = (   0.5000000   0.2500000  -0.0000000), wk =   0.0312500
        k(   38) = (   0.5000000   0.2500000   0.2500000), wk =   0.0312500
        k(   39) = (   0.5000000   0.2500000   0.5000000), wk =   0.0312500
        k(   40) = (   0.5000000   0.2500000   0.7500000), wk =   0.0312500
        k(   41) = (   0.5000000   0.5000000   0.0000000), wk =   0.0312500
        k(   42) = (   0.5000000   0.5000000   0.2500000), wk =   0.0312500
        k(   43) = (   0.5000000   0.5000000   0.5000000), wk =   0.0312500
        k(   44) = (   0.5000000   0.5000000   0.7500000), wk =   0.0312500
        k(   45) = (   0.5000000   0.7500000   0.0000000), wk =   0.0312500
        k(   46) = (   0.5000000   0.7500000   0.2500000), wk =   0.0312500
        k(   47) = (   0.5000000   0.7500000   0.5000000), wk =   0.0312500
        k(   48) = (   0.5000000   0.7500000   0.7500000), wk =   0.0312500
        k(   49) = (   0.7500000   0.0000000  -0.0000000), wk =   0.0312500
        k(   50) = (   0.7500000   0.0000000   0.2500000), wk =   0.0312500
        k(   51) = (   0.7500000   0.0000000   0.5000000), wk =   0.0312500
        k(   52) = (   0.7500000   0.0000000   0.7500000), wk =   0.0312500
        k(   53) = (   0.7500000   0.2500000  -0.0000000), wk =   0.0312500
        k(   54) = (   0.7500000   0.2500000   0.2500000), wk =   0.0312500
        k(   55) = (   0.7500000   0.2500000   0.5000000), wk =   0.0312500
        k(   56) = (   0.7500000   0.2500000   0.7500000), wk =   0.0312500
        k(   57) = (   0.7500000   0.5000000  -0.0000000), wk =   0.0312500
        k(   58) = (   0.7500000   0.5000000   0.2500000), wk =   0.0312500
        k(   59) = (   0.7500000   0.5000000   0.5000000), wk =   0.0312500
        k(   60) = (   0.7500000   0.5000000   0.7500000), wk =   0.0312500
        k(   61) = (   0.7500000   0.7500000   0.0000000), wk =   0.0312500
        k(   62) = (   0.7500000   0.7500000   0.2500000), wk =   0.0312500
        k(   63) = (   0.7500000   0.7500000   0.5000000), wk =   0.0312500
        k(   64) = (   0.7500000   0.7500000   0.7500000), wk =   0.0312500

     PseudoPot. # 1 for Li read from file:
     ../Li.upf
     MD5 check sum: cbd9518a540ce8f7f4a0218f2f072fdd
     Pseudo is Norm-conserving, Zval =  3.0
     Generated using ONCVPSP code by D. R. Hamann
     Using radial grid of 1944 points,  4 beta functions with: 
                l(1) =   0
                l(2) =   0
                l(3) =   1
                l(4) =   1

     PseudoPot. # 2 for F  read from file:
     ../F.upf
     MD5 check sum: 3dea638f9c9153f3282cad43c3474f58
     Pseudo is Norm-conserving + core correction, Zval =  7.0
     Generated using ONCVPSP code by D. R. Hamann
     Using radial grid of  824 points,  5 beta functions with: 
                l(1) =   0
                l(2) =   0
                l(3) =   1
                l(4) =   1
                l(5) =   2

     point group C_1 (1)    
     there are  1 classes
     the character table:

       E    
A      1.00

     the symmetry operations in each class and the name of the first element:

     E        1
                                                                 


     Atomic displacements:
     There are    6 irreducible representations

     Representation     1      1 modes -  To be done
     Irreps are as follows:

                     mode #   1
                     (   1.00000   0.00000   ) 
                     (   0.00000   0.00000   ) 
                     (   0.00000   0.00000   ) 
                     (   0.00000   0.00000   ) 
                     (   0.00000   0.00000   ) 
                     (   0.00000   0.00000   ) 

     Representation     2      1 modes -  To be done
     Irreps are as follows:

                     mode #   2
                     (   0.00000   0.00000   ) 
                     (   1.00000   0.00000   ) 
                     (   0.00000   0.00000   ) 
                     (   0.00000   0.00000   ) 
                     (   0.00000   0.00000   ) 
                     (   0.00000   0.00000   ) 

     Representation     3      1 modes -  To be done
     Irreps are as follows:

                     mode #   3
                     (   0.00000   0.00000   ) 
                     (   0.00000   0.00000   ) 
                     (   1.00000   0.00000   ) 
                     (   0.00000   0.00000   ) 
                     (   0.00000   0.00000   ) 
                     (   0.00000   0.00000   ) 

     Representation     4      1 modes -  To be done
     Irreps are as follows:

                     mode #   4
                     (   0.00000   0.00000   ) 
                     (   0.00000   0.00000   ) 
                     (   0.00000   0.00000   ) 
                     (   1.00000   0.00000   ) 
                     (   0.00000   0.00000   ) 
                     (   0.00000   0.00000   ) 

     Representation     5      1 modes -  To be done
     Irreps are as follows:

                     mode #   5
                     (   0.00000   0.00000   ) 
                     (   0.00000   0.00000   ) 
                     (   0.00000   0.00000   ) 
                     (   0.00000   0.00000   ) 
                     (   1.00000   0.00000   ) 
                     (   0.00000   0.00000   ) 

     Representation     6      1 modes -  To be done
     Irreps are as follows:

                     mode #   6
                     (   0.00000   0.00000   ) 
                     (   0.00000   0.00000   ) 
                     (   0.00000   0.00000   ) 
                     (   0.00000   0.00000   ) 
                     (   0.00000   0.00000   ) 
                     (   1.00000   0.00000   ) 



     Alpha used in Ewald sum =   2.5000
     PHONON       :      0.13s CPU      0.54s WALL



     Representation #   1 mode #   1

     Self-consistent Calculation
 
     Pert. #  1: Fermi energy shift (Ry) =     0.0000E+00     0.0000E+00

      iter #   1 total cpu time :     0.7 secs   av.it.:   4.9
      thresh= 1.000E-02 alpha_mix =  0.700 |ddv_scf|^2 =  2.670E-06
 
     Pert. #  1: Fermi energy shift (Ry) =     0.0000E+00     0.0000E+00

      iter #   2 total cpu time :     0.8 secs   av.it.:   9.0
      thresh= 1.634E-04 alpha_mix =  0.700 |ddv_scf|^2 =  9.425E-08
 
     Pert. #  1: Fermi energy shift (Ry) =     0.0000E+00     0.0000E+00

      iter #   3 total cpu time :     0.9 secs   av.it.:  10.1
      thresh= 3.070E-05 alpha_mix =  0.700 |ddv_scf|^2 =  1.200E-10
 
     Pert. #  1: Fermi energy shift (Ry) =     0.0000E+00     0.0000E+00

      iter #   4 total cpu time :     1.0 secs   av.it.:  10.3
      thresh= 1.095E-06 alpha_mix =  0.700 |ddv_scf|^2 =  4.372E-12
 
     Pert. #  1: Fermi energy shift (Ry) =     0.0000E+00     0.0000E+00

      iter #   5 total cpu time :     1.1 secs   av.it.:   9.4
      thresh= 2.091E-07 alpha_mix =  0.700 |ddv_scf|^2 =  2.852E-14
 
     Pert. #  1: Fermi energy shift (Ry) =     0.0000E+00     0.0000E+00

      iter #   6 total cpu time :     1.1 secs   av.it.:  10.2
      thresh= 1.689E-08 alpha_mix =  0.700 |ddv_scf|^2 =  2.094E-17
 
     Pert. #  1: Fermi energy shift (Ry) =     0.0000E+00     0.0000E+00

      iter #   7 total cpu time :     1.2 secs   av.it.:  10.6
      thresh= 4.576E-10 alpha_mix =  0.700 |ddv_scf|^2 =  1.480E-18
 
     Pert. #  1: Fermi energy shift (Ry) =     0.0000E+00     0.0000E+00

      iter #   8 total cpu time :     1.3 secs   av.it.:  10.0
      thresh= 1.217E-10 alpha_mix =  0.700 |ddv_scf|^2 =  1.282E-20

     End of self-consistent calculation

     Convergence has been achieved 


     Representation #   2 mode #   2

     Self-consistent Calculation
 
     Pert. #  1: Fermi energy shift (Ry) =     0.0000E+00     0.0000E+00

      iter #   1 total cpu time :     1.4 secs   av.it.:   4.9
      thresh= 1.000E-02 alpha_mix =  0.700 |ddv_scf|^2 =  2.670E-06
 
     Pert. #  1: Fermi energy shift (Ry) =     0.0000E+00     0.0000E+00

      iter #   2 total cpu time :     1.5 secs   av.it.:   9.0
      thresh= 1.634E-04 alpha_mix =  0.700 |ddv_scf|^2 =  9.424E-08
 
     Pert. #  1: Fermi energy shift (Ry) =     0.0000E+00     0.0000E+00

      iter #   3 total cpu time :     1.5 secs   av.it.:  10.1
      thresh= 3.070E-05 alpha_mix =  0.700 |ddv_scf|^2 =  1.199E-10
 
     Pert. #  1: Fermi energy shift (Ry) =     0.0000E+00     0.0000E+00

      iter #   4 total cpu time :     1.6 secs   av.it.:  10.2
      thresh= 1.095E-06 alpha_mix =  0.700 |ddv_scf|^2 =  4.369E-12
 
     Pert. #  1: Fermi energy shift (Ry) =     0.0000E+00     0.0000E+00

      iter #   5 total cpu time :     1.7 secs   av.it.:   9.4
      thresh= 2.090E-07 alpha_mix =  0.700 |ddv_scf|^2 =  2.852E-14
 
     Pert. #  1: Fermi energy shift (Ry) =     0.0000E+00     0.0000E+00

      iter #   6 total cpu time :     1.7 secs   av.it.:  10.2
      thresh= 1.689E-08 alpha_mix =  0.700 |ddv_scf|^2 =  2.090E-17
 
     Pert. #  1: Fermi energy shift (Ry) =     0.0000E+00     0.0000E+00

      iter #   7 total cpu time :     1.8 secs   av.it.:  10.6
      thresh= 4.572E-10 alpha_mix =  0.700 |ddv_scf|^2 =  1.480E-18
 
     Pert. #  1: Fermi energy shift (Ry) =     0.0000E+00     0.0000E+00

      iter #   8 total cpu time :     1.9 secs   av.it.:  10.1
      thresh= 1.216E-10 alpha_mix =  0.700 |ddv_scf|^2 =  1.250E-20

     End of self-consistent calculation

     Convergence has been achieved 


     Representation #   3 mode #   3

     Self-consistent Calculation
 
     Pert. #  1: Fermi energy shift (Ry) =     0.0000E+00     0.0000E+00

      iter #   1 total cpu time :     2.0 secs   av.it.:   4.9
      thresh= 1.000E-02 alpha_mix =  0.700 |ddv_scf|^2 =  2.670E-06
 
     Pert. #  1: Fermi energy shift (Ry) =     0.0000E+00     0.0000E+00

      iter #   2 total cpu time :     2.1 secs   av.it.:   9.0
      thresh= 1.634E-04 alpha_mix =  0.700 |ddv_scf|^2 =  9.425E-08
 
     Pert. #  1: Fermi energy shift (Ry) =     0.0000E+00     0.0000E+00

      iter #   3 total cpu time :     2.1 secs   av.it.:  10.1
      thresh= 3.070E-05 alpha_mix =  0.700 |ddv_scf|^2 =  1.199E-10
 
     Pert. #  1: Fermi energy shift (Ry) =     0.0000E+00     0.0000E+00

      iter #   4 total cpu time :     2.2 secs   av.it.:  10.4
      thresh= 1.095E-06 alpha_mix =  0.700 |ddv_scf|^2 =  4.371E-12
 
     Pert. #  1: Fermi energy shift (Ry) =     0.0000E+00     0.0000E+00

      iter #   5 total cpu time :     2.2 secs   av.it.:   9.4
      thresh= 2.091E-07 alpha_mix =  0.700 |ddv_scf|^2 =  2.852E-14
 
     Pert. #  1: Fermi energy shift (Ry) =     0.0000E+00     0.0000E+00

      iter #   6 total cpu time :     2.3 secs   av.it.:  10.2
      thresh= 1.689E-08 alpha_mix =  0.700 |ddv_scf|^2 =  2.092E-17
 
     Pert. #  1: Fermi energy shift (Ry) =     0.0000E+00     0.0000E+00

      iter #   7 total cpu time :     2.4 secs   av.it.:  10.7
      thresh= 4.573E-10 alpha_mix =  0.700 |ddv_scf|^2 =  1.482E-18
 
     Pert. #  1: Fermi energy shift (Ry) =     0.0000E+00     0.0000E+00

      iter #   8 total cpu time :     2.5 secs   av.it.:  10.2
      thresh= 1.217E-10 alpha_mix =  0.700 |ddv_scf|^2 =  1.670E-20

     End of self-consistent calculation

     Convergence has been achieved 


     Representation #   4 mode #   4

     Self-consistent Calculation
 
     Pert. #  1: Fermi energy shift (Ry) =     0.0000E+00     0.0000E+00

      iter #   1 total cpu time :     2.6 secs   av.it.:   6.7
      thresh= 1.000E-02 alpha_mix =  0.700 |ddv_scf|^2 =  2.750E-05
 
     Pert. #  1: Fermi energy shift (Ry) =     0.0000E+00     0.0000E+00

      iter #   2 total cpu time :     2.7 secs   av.it.:  10.2
      thresh= 5.244E-04 alpha_mix =  0.700 |ddv_scf|^2 =  2.636E-08
 
     Pert. #  1: Fermi energy shift (Ry) =     0.0000E+00     0.0000E+00

      iter #   3 total cpu time :     2.8 secs   av.it.:  10.7
      thresh= 1.624E-05 alpha_mix =  0.700 |ddv_scf|^2 =  1.745E-09
 
     Pert. #  1: Fermi energy shift (Ry) =     0.0000E+00     0.0000E+00

      iter #   4 total cpu time :     2.8 secs   av.it.:  10.4
      thresh= 4.178E-06 alpha_mix =  0.700 |ddv_scf|^2 =  1.366E-11
 
     Pert. #  1: Fermi energy shift (Ry) =     0.0000E+00     0.0000E+00

      iter #   5 total cpu time :     2.9 secs   av.it.:  10.2
      thresh= 3.697E-07 alpha_mix =  0.700 |ddv_scf|^2 =  3.291E-14
 
     Pert. #  1: Fermi energy shift (Ry) =     0.0000E+00     0.0000E+00

      iter #   6 total cpu time :     3.0 secs   av.it.:   9.6
      thresh= 1.814E-08 alpha_mix =  0.700 |ddv_scf|^2 =  1.492E-16
 
     Pert. #  1: Fermi energy shift (Ry) =     0.0000E+00     0.0000E+00

      iter #   7 total cpu time :     3.1 secs   av.it.:  11.1
      thresh= 1.221E-09 alpha_mix =  0.700 |ddv_scf|^2 =  5.374E-18
 
     Pert. #  1: Fermi energy shift (Ry) =     0.0000E+00     0.0000E+00

      iter #   8 total cpu time :     3.1 secs   av.it.:  10.6
      thresh= 2.318E-10 alpha_mix =  0.700 |ddv_scf|^2 =  1.200E-18
 
     Pert. #  1: Fermi energy shift (Ry) =     0.0000E+00     0.0000E+00

      iter #   9 total cpu time :     3.2 secs   av.it.:   9.2
      thresh= 1.095E-10 alpha_mix =  0.700 |ddv_scf|^2 =  2.887E-21

     End of self-consistent calculation

     Convergence has been achieved 


     Representation #   5 mode #   5

     Self-consistent Calculation
 
     Pert. #  1: Fermi energy shift (Ry) =     0.0000E+00     0.0000E+00

      iter #   1 total cpu time :     3.4 secs   av.it.:   6.8
      thresh= 1.000E-02 alpha_mix =  0.700 |ddv_scf|^2 =  2.750E-05
 
     Pert. #  1: Fermi energy shift (Ry) =     0.0000E+00     0.0000E+00

      iter #   2 total cpu time :     3.4 secs   av.it.:  10.3
      thresh= 5.244E-04 alpha_mix =  0.700 |ddv_scf|^2 =  2.636E-08
 
     Pert. #  1: Fermi energy shift (Ry) =     0.0000E+00     0.0000E+00

      iter #   3 total cpu time :     3.5 secs   av.it.:  10.7
      thresh= 1.623E-05 alpha_mix =  0.700 |ddv_scf|^2 =  1.745E-09
 
     Pert. #  1: Fermi energy shift (Ry) =     0.0000E+00     0.0000E+00

      iter #   4 total cpu time :     3.6 secs   av.it.:  10.5
      thresh= 4.178E-06 alpha_mix =  0.700 |ddv_scf|^2 =  1.366E-11
 
     Pert. #  1: Fermi energy shift (Ry) =     0.0000E+00     0.0000E+00

      iter #   5 total cpu time :     3.6 secs   av.it.:  10.2
      thresh= 3.697E-07 alpha_mix =  0.700 |ddv_scf|^2 =  3.284E-14
 
     Pert. #  1: Fermi energy shift (Ry) =     0.0000E+00     0.0000E+00

      iter #   6 total cpu time :     3.7 secs   av.it.:   9.7
      thresh= 1.812E-08 alpha_mix =  0.700 |ddv_scf|^2 =  1.485E-16
 
     Pert. #  1: Fermi energy shift (Ry) =     0.0000E+00     0.0000E+00

      iter #   7 total cpu time :     3.8 secs   av.it.:  10.9
      thresh= 1.219E-09 alpha_mix =  0.700 |ddv_scf|^2 =  4.939E-18
 
     Pert. #  1: Fermi energy shift (Ry) =     0.0000E+00     0.0000E+00

      iter #   8 total cpu time :     3.9 secs   av.it.:  10.5
      thresh= 2.222E-10 alpha_mix =  0.700 |ddv_scf|^2 =  1.889E-19

     End of self-consistent calculation

     Convergence has been achieved 


     Representation #   6 mode #   6

     Self-consistent Calculation
 
     Pert. #  1: Fermi energy shift (Ry) =     0.0000E+00     0.0000E+00

      iter #   1 total cpu time :     4.0 secs   av.it.:   6.7
      thresh= 1.000E-02 alpha_mix =  0.700 |ddv_scf|^2 =  2.750E-05
 
     Pert. #  1: Fermi energy shift (Ry) =     0.0000E+00     0.0000E+00

      iter #   2 total cpu time :     4.1 secs   av.it.:  10.2
      thresh= 5.244E-04 alpha_mix =  0.700 |ddv_scf|^2 =  2.636E-08
 
     Pert. #  1: Fermi energy shift (Ry) =     0.0000E+00     0.0000E+00

      iter #   3 total cpu time :     4.1 secs   av.it.:  10.7
      thresh= 1.624E-05 alpha_mix =  0.700 |ddv_scf|^2 =  1.745E-09
 
     Pert. #  1: Fermi energy shift (Ry) =     0.0000E+00     0.0000E+00

      iter #   4 total cpu time :     4.2 secs   av.it.:  10.4
      thresh= 4.178E-06 alpha_mix =  0.700 |ddv_scf|^2 =  1.366E-11
 
     Pert. #  1: Fermi energy shift (Ry) =     0.0000E+00     0.0000E+00

      iter #   5 total cpu time :     4.3 secs   av.it.:  10.2
      thresh= 3.696E-07 alpha_mix =  0.700 |ddv_scf|^2 =  3.291E-14
 
     Pert. #  1: Fermi energy shift (Ry) =     0.0000E+00     0.0000E+00

      iter #   6 total cpu time :     4.3 secs   av.it.:   9.7
      thresh= 1.814E-08 alpha_mix =  0.700 |ddv_scf|^2 =  1.489E-16
 
     Pert. #  1: Fermi energy shift (Ry) =     0.0000E+00     0.0000E+00

      iter #   7 total cpu time :     4.4 secs   av.it.:  11.0
      thresh= 1.220E-09 alpha_mix =  0.700 |ddv_scf|^2 =  6.263E-18
 
     Pert. #  1: Fermi energy shift (Ry) =     0.0000E+00     0.0000E+00

      iter #   8 total cpu time :     4.5 secs   av.it.:  10.7
      thresh= 2.503E-10 alpha_mix =  0.700 |ddv_scf|^2 =  2.590E-18
 
     Pert. #  1: Fermi energy shift (Ry) =     0.0000E+00     0.0000E+00

      iter #   9 total cpu time :     4.6 secs   av.it.:   9.7
      thresh= 1.609E-10 alpha_mix =  0.700 |ddv_scf|^2 =  2.061E-21

     End of self-consistent calculation

     Convergence has been achieved 
 
     Number of q in the star =    1
     List of q in the star:
          1   0.000000000   0.000000000   0.000000000

     Diagonalizing the dynamical matrix

     q = (    0.000000000   0.000000000   0.000000000 ) 

 **************************************************************************
     freq (    1) =      -1.238830 [THz] =     -41.322905 [cm-1]
     freq (    2) =      -1.238574 [THz] =     -41.314395 [cm-1]
     freq (    3) =      -1.238369 [THz] =     -41.307550 [cm-1]
     freq (    4) =       6.807356 [THz] =     227.068954 [cm-1]
     freq (    5) =       6.807366 [THz] =     227.069303 [cm-1]
     freq (    6) =       6.807413 [THz] =     227.070863 [cm-1]
 **************************************************************************

     Mode symmetry, C_1 (1)     point group:

     freq (   1-   1) =        -41.3  [cm-1]   --> A               I+R
     freq (   2-   2) =        -41.3  [cm-1]   --> A               I+R
     freq (   3-   3) =        -41.3  [cm-1]   --> A               I+R
     freq (   4-   4) =        227.1  [cm-1]   --> A               I+R
     freq (   5-   5) =        227.1  [cm-1]   --> A               I+R
     freq (   6-   6) =        227.1  [cm-1]   --> A               I+R
 
     Gaussian Broadening:   0.020 Ry, ngauss=   0
     DOS = -0.000000 states/spin/Ry/Unit Cell at Ef=  6.534549 eV
     double delta at Ef =  0.000000
     lambda(    1)=  0.0000   gamma=    0.00 GHz
     lambda(    2)=  0.0000   gamma=    0.00 GHz
     lambda(    3)=  0.0000   gamma=    0.00 GHz
     lambda(    4)= -0.0000   gamma=    0.00 GHz
     lambda(    5)= -0.0000   gamma=    0.00 GHz
     lambda(    6)= -0.0000   gamma=    0.00 GHz
 
     Gaussian Broadening:   0.040 Ry, ngauss=   0
     DOS = -0.000000 states/spin/Ry/Unit Cell at Ef=  4.000636 eV
     double delta at Ef =  0.000000
     lambda(    1)=  0.0000   gamma=    0.00 GHz
     lambda(    2)=  0.0000   gamma=    0.00 GHz
     lambda(    3)=  0.0000   gamma=    0.00 GHz
     lambda(    4)= -0.0000   gamma=    0.00 GHz
     lambda(    5)= -0.0000   gamma=    0.00 GHz
     lambda(    6)= -0.0000   gamma=    0.00 GHz
 
     Gaussian Broadening:   0.060 Ry, ngauss=   0
     DOS = -0.000000 states/spin/Ry/Unit Cell at Ef=  4.170707 eV
     double delta at Ef =  0.000000
     lambda(    1)=  0.0000   gamma=    0.00 GHz
     lambda(    2)=  0.0000   gamma=    0.00 GHz
     lambda(    3)=  0.0000   gamma=    0.00 GHz
     lambda(    4)= -0.0000   gamma=    0.00 GHz
     lambda(    5)= -0.0000   gamma=    0.00 GHz
     lambda(    6)= -0.0000   gamma=    0.00 GHz
 
     Gaussian Broadening:   0.080 Ry, ngauss=   0
     DOS = -0.000002 states/spin/Ry/Unit Cell at Ef=  4.817886 eV
     double delta at Ef =  0.000000
     lambda(    1)=  0.0000   gamma=    0.00 GHz
     lambda(    2)=  0.0000   gamma=    0.00 GHz
     lambda(    3)=  0.0000   gamma=    0.00 GHz
     lambda(    4)= -0.0000   gamma=    0.00 GHz
     lambda(    5)= -0.0000   gamma=    0.00 GHz
     lambda(    6)= -0.0000   gamma=    0.00 GHz
 
     Gaussian Broadening:   0.100 Ry, ngauss=   0
     DOS = -0.000268 states/spin/Ry/Unit Cell at Ef=  4.985922 eV
     double delta at Ef =  0.000000
     lambda(    1)=  0.0002   gamma=    0.00 GHz
     lambda(    2)=  0.0002   gamma=    0.00 GHz
     lambda(    3)=  0.0002   gamma=    0.00 GHz
     lambda(    4)= -0.0000   gamma=    0.00 GHz
     lambda(    5)= -0.0000   gamma=    0.00 GHz
     lambda(    6)= -0.0000   gamma=    0.00 GHz
 
     Gaussian Broadening:   0.120 Ry, ngauss=   0
     DOS = -0.003944 states/spin/Ry/Unit Cell at Ef=  5.177208 eV
     double delta at Ef =  0.000017
     lambda(    1)=  0.0049   gamma=    0.00 GHz
     lambda(    2)=  0.0049   gamma=    0.00 GHz
     lambda(    3)=  0.0049   gamma=    0.00 GHz
     lambda(    4)= -0.0000   gamma=    0.00 GHz
     lambda(    5)= -0.0000   gamma=    0.00 GHz
     lambda(    6)= -0.0000   gamma=    0.00 GHz
 
     Gaussian Broadening:   0.140 Ry, ngauss=   0
     DOS = -0.020428 states/spin/Ry/Unit Cell at Ef=  5.367025 eV
     double delta at Ef =  0.000506
     lambda(    1)=  0.0333   gamma=    0.00 GHz
     lambda(    2)=  0.0333   gamma=    0.00 GHz
     lambda(    3)=  0.0333   gamma=    0.00 GHz
     lambda(    4)= -0.0002   gamma=    0.00 GHz
     lambda(    5)= -0.0002   gamma=    0.00 GHz
     lambda(    6)= -0.0002   gamma=    0.00 GHz
 
     Gaussian Broadening:   0.160 Ry, ngauss=   0
     DOS = -0.060561 states/spin/Ry/Unit Cell at Ef=  5.543530 eV
     double delta at Ef =  0.004202
     lambda(    1)=  0.1281   gamma=    0.01 GHz
     lambda(    2)=  0.1282   gamma=    0.01 GHz
     lambda(    3)=  0.1282   gamma=    0.01 GHz
     lambda(    4)= -0.0011   gamma=    0.00 GHz
     lambda(    5)= -0.0011   gamma=    0.00 GHz
     lambda(    6)= -0.0011   gamma=    0.00 GHz
 
     Gaussian Broadening:   0.180 Ry, ngauss=   0
     DOS = -0.124535 states/spin/Ry/Unit Cell at Ef=  5.717975 eV
     double delta at Ef =  0.018646
     lambda(    1)=  0.3571   gamma=    0.07 GHz
     lambda(    2)=  0.3572   gamma=    0.07 GHz
     lambda(    3)=  0.3574   gamma=    0.07 GHz
     lambda(    4)= -0.0034   gamma=    0.02 GHz
     lambda(    5)= -0.0034   gamma=    0.02 GHz
     lambda(    6)= -0.0034   gamma=    0.02 GHz
 
     Gaussian Broadening:   0.200 Ry, ngauss=   0
     DOS = -0.199373 states/spin/Ry/Unit Cell at Ef=  5.900099 eV
     double delta at Ef =  0.057720
     lambda(    1)=  0.8056   gamma=    0.24 GHz
     lambda(    2)=  0.8059   gamma=    0.24 GHz
     lambda(    3)=  0.8062   gamma=    0.24 GHz
     lambda(    4)= -0.0083   gamma=    0.07 GHz
     lambda(    5)= -0.0083   gamma=    0.07 GHz
     lambda(    6)= -0.0083   gamma=    0.07 GHz
 
     PHONON       :      2.68s CPU      4.72s WALL

     INITIALIZATION: 
     phq_setup    :      0.00s CPU      0.00s WALL (       1 calls)
     phq_init     :      0.00s CPU      0.05s WALL (       1 calls)
 
     phq_init     :      0.00s CPU      0.05s WALL (       1 calls)
     set_drhoc    :      0.00s CPU      0.00s WALL (       3 calls)
     init_vloc    :      0.00s CPU      0.00s WALL (       1 calls)
     init_us_1    :      0.00s CPU      0.00s WALL (       1 calls)
     init_us_2    :      0.01s CPU      0.01s WALL (     760 calls)
 
     DYNAMICAL MATRIX:
     dynmat0      :      0.00s CPU      0.05s WALL (       1 calls)
     dynmat_us    :      0.00s CPU      0.05s WALL (       1 calls)
     d2ionq       :      0.00s CPU      0.00s WALL (       1 calls)
     dynmatcc     :      0.00s CPU      0.00s WALL (       1 calls)
     phqscf       :      2.53s CPU      4.09s WALL (       1 calls)
     dynmatrix    :      0.00s CPU      0.00s WALL (       1 calls)
 
     phqscf       :      2.53s CPU      4.09s WALL (       1 calls)
     solve_linter :      2.52s CPU      3.96s WALL (       6 calls)
     dfpt_kernel  :      2.34s CPU      3.74s WALL (       6 calls)
     sth_kernel   :      1.83s CPU      1.98s WALL (      50 calls)
     h_prec       :      0.00s CPU      0.01s WALL (     500 calls)
     apply_dpot_b :      0.15s CPU      0.17s WALL (     500 calls)
     ortho        :      0.01s CPU      0.01s WALL (     500 calls)
     cgsolve      :      1.56s CPU      1.68s WALL (     500 calls)
     incdrhoscf   :      0.12s CPU      0.13s WALL (     500 calls)
                                        0.00s GPU  (     500 calls)
     vpsifft      :      0.04s CPU      0.05s WALL (      60 calls)
     dv_of_drho   :      0.01s CPU      0.01s WALL (      50 calls)
     mix_pot      :      0.05s CPU      0.65s WALL (      50 calls)
     ef_shift     :      0.00s CPU      0.00s WALL (      50 calls)
     ef_shift_wfc :      0.00s CPU      0.00s WALL (       6 calls)
     localdos     :      0.02s CPU      0.02s WALL (       6 calls)
     drhodv       :      0.01s CPU      0.01s WALL (       6 calls)
     psymdvscf    :      0.01s CPU      0.02s WALL (      50 calls)
     com_dvloc    :      0.01s CPU      0.01s WALL (      96 calls)
                                        0.00s GPU  (      96 calls)
     addcore      :      0.00s CPU      0.00s WALL (      48 calls)
                                        0.00s GPU  (      48 calls)
 
     dvqpsi_us    :      0.05s CPU      0.06s WALL (      60 calls)
                                        0.00s GPU  (      60 calls)
     dvqpsi_us_on :      0.01s CPU      0.01s WALL (      60 calls)
 
     add_vuspsi   :      0.03s CPU      0.03s WALL (    6992 calls)
 
 
      Electron-phonon coupling
     elphel       :      0.11s CPU      0.16s WALL (       6 calls)
 
      General routines
     calbec       :      0.07s CPU      0.08s WALL (    7392 calls)
     fft          :      0.01s CPU      0.02s WALL (     304 calls)
     ffts         :      0.02s CPU      0.02s WALL (     396 calls)
     fftw         :      1.33s CPU      1.44s WALL (   65204 calls)
     davcio       :      0.02s CPU      0.02s WALL (    2912 calls)
     write_rec    :      0.01s CPU      0.72s WALL (      56 calls)
 
      Additional routines
     ch_psi       :      1.46s CPU      1.58s WALL (    6992 calls)
     last         :      0.11s CPU      0.12s WALL (    6992 calls)
     Hesh         :      0.01s CPU      0.01s WALL (    6992 calls)
     ch_psi_all_k :      0.08s CPU      0.09s WALL (    6992 calls)
                                        0.00s GPU  (    6992 calls)
     h_psi_bgrp   :      1.32s CPU      1.43s WALL (    6992 calls)
     h_psi        :      1.31s CPU      1.42s WALL (    6992 calls)
     h_psi:pot    :      1.30s CPU      1.40s WALL (    6992 calls)
     h_psi:calbec :      0.07s CPU      0.08s WALL (    6992 calls)
     s_psi_bgrp   :      0.01s CPU      0.01s WALL (   14484 calls)
 
 
     PHONON       :      2.68s CPU      4.72s WALL

 
   This run was terminated on:  22:14:42   3Jul2026            

=------------------------------------------------------------------------------=
   JOB DONE.
=------------------------------------------------------------------------------=
Error in system call pthread_mutex_destroy: Device or resource busy
    src/mpi/init/initthread.c:242
Error in system call pthread_mutex_destroy: Device or resource busy
    src/mpi/init/initthread.c:242
Error in system call pthread_mutex_destroy: Device or resource busy
    src/mpi/init/initthread.c:242
Error in system call pthread_mutex_destroy: Device or resource busy
    src/mpi/init/initthread.c:242
Error in system call pthread_mutex_destroy: Device or resource busy
    src/mpi/init/initthread.c:242
Error in system call pthread_mutex_destroy: Device or resource busy
    src/mpi/init/initthread.c:242
Error in system call pthread_mutex_destroy: Device or resource busy
    src/mpi/init/initthread.c:242
Error in system call pthread_mutex_destroy: Device or resource busy
    src/mpi/init/initthread.c:242
Error in system call pthread_mutex_destroy: Device or resource busy
    src/mpi/init/initthread.c:242
Error in system call pthread_mutex_destroy: Device or resource busy
    src/mpi/init/initthread.c:242
Error in system call pthread_mutex_destroy: Device or resource busy
    src/mpi/init/initthread.c:242
Error in system call pthread_mutex_destroy: Device or resource busy
    src/mpi/init/initthread.c:242
Error in system call pthread_mutex_destroy: Device or resource busy
    src/mpi/init/initthread.c:242
Error in system call pthread_mutex_destroy: Device or resource busy
    src/mpi/init/initthread.c:242
Error in system call pthread_mutex_destroy: Device or resource busy
    src/mpi/init/initthread.c:242
Error in system call pthread_mutex_destroy: Device or resource busy
    src/mpi/init/initthread.c:242
Error in system call pthread_mutex_destroy: Device or resource busy
    src/mpi/init/initthread.c:242
Error in system call pthread_mutex_destroy: Device or resource busy
    src/mpi/init/initthread.c:242
Error in system call pthread_mutex_destroy: Device or resource busy
    src/mpi/init/initthread.c:242
Error in system call pthread_mutex_destroy: Device or resource busy
    src/mpi/init/initthread.c:242
Error in system call pthread_mutex_destroy: Device or resource busy
    src/mpi/init/initthread.c:242
Error in system call pthread_mutex_destroy: Device or resource busy
    src/mpi/init/initthread.c:242
Error in system call pthread_mutex_destroy: Device or resource busy
    src/mpi/init/initthread.c:242
Error in system call pthread_mutex_destroy: Device or resource busy
    src/mpi/init/initthread.c:242
Error in system call pthread_mutex_destroy: Device or resource busy
    src/mpi/init/initthread.c:242
Error in system call pthread_mutex_destroy: Device or resource busy
    src/mpi/init/initthread.c:242
Error in system call pthread_mutex_destroy: Device or resource busy
    src/mpi/init/initthread.c:242
Error in system call pthread_mutex_destroy: Device or resource busy
    src/mpi/init/initthread.c:242
Error in system call pthread_mutex_destroy: Device or resource busy
    src/mpi/init/initthread.c:242
Error in system call pthread_mutex_destroy: Device or resource busy
    src/mpi/init/initthread.c:242
Error in system call pthread_mutex_destroy: Device or resource busy
    src/mpi/init/initthread.c:242
Error in system call pthread_mutex_destroy: Device or resource busy
    src/mpi/init/initthread.c:242
Error in system call pthread_mutex_destroy: Device or resource busy
    src/mpi/init/initthread.c:242
Error in system call pthread_mutex_destroy: Device or resource busy
    src/mpi/init/initthread.c:242
Error in system call pthread_mutex_destroy: Device or resource busy
    src/mpi/init/initthread.c:242
Error in system call pthread_mutex_destroy: Device or resource busy
    src/mpi/init/initthread.c:242
Error in system call pthread_mutex_destroy: Device or resource busy
    src/mpi/init/initthread.c:242
Error in system call pthread_mutex_destroy: Device or resource busy
    src/mpi/init/initthread.c:242
Error in system call pthread_mutex_destroy: Device or resource busy
    src/mpi/init/initthread.c:242
Error in system call pthread_mutex_destroy: Device or resource busy
    src/mpi/init/initthread.c:242
Error in system call pthread_mutex_destroy: Device or resource busy
    src/mpi/init/initthread.c:242
Error in system call pthread_mutex_destroy: Device or resource busy
    src/mpi/init/initthread.c:242
Error in system call pthread_mutex_destroy: Device or resource busy
    src/mpi/init/initthread.c:242
Error in system call pthread_mutex_destroy: Device or resource busy
    src/mpi/init/initthread.c:242
Error in system call pthread_mutex_destroy: Device or resource busy
    src/mpi/init/initthread.c:242
Error in system call pthread_mutex_destroy: Device or resource busy
    src/mpi/init/initthread.c:242
Error in system call pthread_mutex_destroy: Device or resource busy
    src/mpi/init/initthread.c:242
Error in system call pthread_mutex_destroy: Device or resource busy
    src/mpi/init/initthread.c:242
Error in system call pthread_mutex_destroy: Device or resource busy
    src/mpi/init/initthread.c:242
Error in system call pthread_mutex_destroy: Device or resource busy
    src/mpi/init/initthread.c:242
Error in system call pthread_mutex_destroy: Device or resource busy
    src/mpi/init/initthread.c:242
Error in system call pthread_mutex_destroy: Device or resource busy
    src/mpi/init/initthread.c:242
Error in system call pthread_mutex_destroy: Device or resource busy
    src/mpi/init/initthread.c:242
Error in system call pthread_mutex_destroy: Device or resource busy
    src/mpi/init/initthread.c:242
Error in system call pthread_mutex_destroy: Device or resource busy
    src/mpi/init/initthread.c:242
Error in system call pthread_mutex_destroy: Device or resource busy
    src/mpi/init/initthread.c:242
